<html>
<body>
<pre>
<h1>礦ision Build Log</h1>
<h2>Tool Versions:</h2>
IDE-Version: 礦ision V5.22.0.0
Copyright (C) 2016 ARM Ltd and ARM Germany GmbH. All rights reserved.
License Information: Huang Junye, vilisport, LIC=ATTTG-VCKPX-QD2KD-8Y4MA-AHNEI-Y2859
 
Tool Versions:
Toolchain:       MDK-ARM Plus  Version: 5.22
Toolchain Path:  C:\Keil_v5\ARM\ARMCC\Bin
C Compiler:      Armcc.exe V5.06 update 4 (build 422)
Assembler:       Armasm.exe V5.06 update 4 (build 422)
Linker/Locator:  ArmLink.exe V5.06 update 4 (build 422)
Library Manager: ArmAr.exe V5.06 update 4 (build 422)
Hex Converter:   FromElf.exe V5.06 update 4 (build 422)
CPU DLL:         SARMCM3.DLL V5.22
Dialog DLL:      DCM.DLL V1.13.9.0
Target DLL:      STLink\ST-LINKIII-KEIL_SWO.dll V2.0.18.0
Dialog DLL:      TCM.DLL V1.21.0.0
 
<h2>Project:</h2>
C:\Users\Julian_Huang\Desktop\暑期事项\电子\大程序\VifitApp-electric-0\USER\USART.uvprojx
Project File Date:  08/13/2017

<h2>Output:</h2>
*** Using Compiler 'V5.06 update 4 (build 422)', folder: 'C:\Keil_v5\ARM\ARMCC\Bin'
Build target 'USART'
compiling led.c...
compiling main.c...
main.c(76): warning:  #177-D: variable "value"  was declared but never referenced
  	double value;
main.c(77): warning:  #177-D: variable "num"  was declared but never referenced
  	long int num;
main.c: 2 warnings, 0 errors
compiling system_stm32f4xx.c...
compiling key.c...
compiling beep.c...
compiling stm32f4xx_it.c...
compiling control.c...
control.c(28): warning:  #167-D: argument of type "u8 *" is incompatible with parameter of type "const char *"
  			 SBUF = atof(USART_RX_BUF );
control.c(116): warning:  #167-D: argument of type "u8 *" is incompatible with parameter of type "const char *"
  			new_distance = atof(p);
control.c(124): warning:  #1035-D: single-precision operand implicitly converted to double-precision
  			if(new_distance > 9.5 || new_distance < -9.5)
control.c(196): warning:  #177-D: variable "SBUF"  was declared but never referenced
  	int SBUF;
control.c: 4 warnings, 0 errors
compiling rgb.c...
compiling MAX30102.c...
..\HARDWARE\MAX30102\MAX30102.c(174): warning:  #177-D: variable "round"  was declared but never referenced
  	int32_t round = 1;
..\HARDWARE\MAX30102\MAX30102.c(223): warning:  #177-D: variable "x2"  was declared but never referenced
      int i = start - 1, j = end + 1, x1 = a[(start+end) / 2], x2 = b[start], tmp;
..\HARDWARE\MAX30102\MAX30102.c(242): warning:  #550-D: parameter "last_num"  was set but never used
  void IR_Arrange_Array_Num(int8_t array_num[], int8_t last_num)
..\HARDWARE\MAX30102\MAX30102.c: 3 warnings, 0 errors
compiling Motor.c...
compiling I2C.c...
..\HARDWARE\I2C\I2C.c(180): warning:  #940-D: missing return statement at end of non-void function "i2c_Wait_Ack" 
  } 
..\HARDWARE\I2C\I2C.c(309): warning:  #940-D: missing return statement at end of non-void function "i2c_Read_Byte" 
  }
..\HARDWARE\I2C\I2C.c: 2 warnings, 0 errors
compiling exti.c...
compiling HX711.c...
..\HARDWARE\HX711\HX711.c(200): warning:  #177-D: variable "text_2"  was declared but never referenced
  	json_t *text_2;
..\HARDWARE\HX711\HX711.c(202): warning:  #177-D: variable "out2"  was declared but never referenced
  	char *out2;
..\HARDWARE\HX711\HX711.c(203): warning:  #177-D: variable "times"  was declared but never referenced
  	uint16_t times=0;
..\HARDWARE\HX711\HX711.c(204): warning:  #177-D: variable "i"  was declared but never referenced
  	uint32_t i,j;
..\HARDWARE\HX711\HX711.c(204): warning:  #177-D: variable "j"  was declared but never referenced
  	uint32_t i,j;
..\HARDWARE\HX711\HX711.c(205): warning:  #177-D: variable "NumAvg_1"  was declared but never referenced
  	long long NumAvg_1,NumAvg_2;
..\HARDWARE\HX711\HX711.c(205): warning:  #177-D: variable "NumAvg_2"  was declared but never referenced
  	long long NumAvg_1,NumAvg_2;
..\HARDWARE\HX711\HX711.c(206): warning:  #177-D: variable "NumSum_1"  was declared but never referenced
  	long long NumSum_1,NumSum_2 ;
..\HARDWARE\HX711\HX711.c(206): warning:  #177-D: variable "NumSum_2"  was declared but never referenced
  	long long NumSum_1,NumSum_2 ;
..\HARDWARE\HX711\HX711.c(208): warning:  #177-D: variable "Num_display1"  was declared but never referenced
  	double Num_display1,Num_display2;
..\HARDWARE\HX711\HX711.c(208): warning:  #177-D: variable "Num_display2"  was declared but never referenced
  	double Num_display1,Num_display2;
..\HARDWARE\HX711\HX711.c(211): warning:  #177-D: variable "p"  was declared but never referenced
  	u8 *p;
..\HARDWARE\HX711\HX711.c(497): warning:  #177-D: variable "hei"  was declared but never referenced
  	double hei;	
..\HARDWARE\HX711\HX711.c(498): warning:  #177-D: variable "t"  was declared but never referenced
  	uint8_t t,len;
..\HARDWARE\HX711\HX711.c(498): warning:  #177-D: variable "len"  was declared but never referenced
  	uint8_t t,len;
..\HARDWARE\HX711\HX711.c(499): warning:  #177-D: variable "text_0"  was declared but never referenced
  	json_t *text_0;
..\HARDWARE\HX711\HX711.c(500): warning:  #177-D: variable "out"  was declared but never referenced
  	char *out;
..\HARDWARE\HX711\HX711.c(543): warning:  #177-D: variable "text_0"  was declared but never referenced
  	json_t *text_0;
..\HARDWARE\HX711\HX711.c(544): warning:  #177-D: variable "out"  was declared but never referenced
  	char *out;
..\HARDWARE\HX711\HX711.c: 19 warnings, 0 errors
compiling delay.c...
assembling startup_stm32f40_41xxx.s...
compiling json.c...
compiling sys.c...
compiling misc.c...
compiling usart.c...
..\SYSTEM\usart\usart.c(22): warning:  #940-D: missing return statement at end of non-void function "_sys_exit" 
  } 
..\SYSTEM\usart\usart.c: 1 warning, 0 errors
compiling stm32f4xx_gpio.c...
compiling timer.c...
compiling stm32f4xx_rcc.c...
compiling jansson_config.c...
compiling stm32f4xx_syscfg.c...
compiling stm32f4xx_usart.c...
compiling stm32f4xx_exti.c...
compiling stm32f4xx_tim.c...
linking...
Program Size: Code=24464 RO-data=524 RW-data=176 ZI-data=4744  
FromELF: creating hex file...
"..\OBJ\USART.axf" - 0 Error(s), 31 Warning(s).

<h2>Software Packages used:</h2>

Package Vendor: Keil
                http://www.keil.com/pack/Keil.Jansson.1.0.0.pack
                Keil::Data Exchange:JSON:Jansson:2.7.0
                Jansson is a C library for encoding, decoding and manipulating JSON data
   * Component: Jansson Version: 2.7.0

<h2>Collection of Component include folders:</h2>
  C:\Users\Julian_Huang\Desktop\暑期事项\电子\大程序\VifitApp-electric-0\USER\RTE\_USART
  C:\Keil_v5\ARM\PACK\Keil\Jansson\1.0.0\src
  C:\Keil_v5\ARM\PACK\Keil\STM32F4xx_DFP\2.11.0\Drivers\CMSIS\Device\ST\STM32F4xx\Include

<h2>Collection of Component Files used:</h2>

   * Component: Keil::Data Exchange:JSON:Jansson:2.7.0
      Source file:   src\jansson_config.c
      Include file:  src\jansson.h
      Library file:  lib\jansson_CM3LE.lib
Build Time Elapsed:  00:00:06
</pre>
</body>
</html>
