Component: ARM Compiler 5.06 update 4 (build 422) Tool: armlink [4d35d2]

==============================================================================

Section Cross References

    main.o(i.main) refers to misc.o(i.NVIC_PriorityGroupConfig) for NVIC_PriorityGroupConfig
    main.o(i.main) refers to delay.o(i.delay_init) for delay_init
    main.o(i.main) refers to i2c.o(i.i2c_Init) for i2c_Init
    main.o(i.main) refers to usart.o(i.uart_init) for uart_init
    main.o(i.main) refers to usart.o(i.uart2_init) for uart2_init
    main.o(i.main) refers to exti.o(i.EXTI_Key_Init) for EXTI_Key_Init
    main.o(i.main) refers to rgb.o(i.RGB_Init) for RGB_Init
    main.o(i.main) refers to timer.o(i.TIM3_Int_Init) for TIM3_Int_Init
    main.o(i.main) refers to exti.o(i.EXTI_Check_Init) for EXTI_Check_Init
    main.o(i.main) refers to hx711.o(i.Strenth_GPIO_Config) for Strenth_GPIO_Config
    main.o(i.main) refers to motor.o(i.StepMotor_Init) for StepMotor_Init
    main.o(i.main) refers to control.o(i.test_control) for test_control
    main.o(i.main) refers to usart.o(.data) for USART_RX_STA
    main.o(i.main) refers to usart.o(.bss) for USART_RX_BUF
    system_stm32f4xx.o(i.SystemCoreClockUpdate) refers to system_stm32f4xx.o(.data) for SystemCoreClock
    system_stm32f4xx.o(i.SystemInit) refers to system_stm32f4xx.o(i.SetSysClock) for SetSysClock
    control.o(i.Motor_test) refers to atof.o(i.__hardfp_atof) for __hardfp_atof
    control.o(i.Motor_test) refers to d2f.o(.text) for __aeabi_d2f
    control.o(i.Motor_test) refers to f2d.o(.text) for __aeabi_f2d
    control.o(i.Motor_test) refers to cdrcmple.o(.text) for __aeabi_cdrcmple
    control.o(i.Motor_test) refers to cdcmple.o(.text) for __aeabi_cdcmple
    control.o(i.Motor_test) refers to pack_unpack.o(i.json_pack) for json_pack
    control.o(i.Motor_test) refers to dump.o(i.json_dumps) for json_dumps
    control.o(i.Motor_test) refers to printfa.o(i.__0printf) for __2printf
    control.o(i.Motor_test) refers to malloc.o(i.free) for free
    control.o(i.Motor_test) refers to control.o(i.json_decref) for json_decref
    control.o(i.Motor_test) refers to fabs.o(i.__hardfp_fabs) for __hardfp_fabs
    control.o(i.Motor_test) refers to dmul.o(.text) for __aeabi_dmul
    control.o(i.Motor_test) refers to dfixui.o(.text) for __aeabi_d2uiz
    control.o(i.Motor_test) refers to motor.o(i.StepMotor_ctrl) for StepMotor_ctrl
    control.o(i.Motor_test) refers to usart.o(.data) for USART_RX_STA
    control.o(i.Motor_test) refers to usart.o(.bss) for USART_RX_BUF
    control.o(i.Motor_test) refers to control.o(.data) for new_distance
    control.o(i.Motor_test) refers to main.o(.data) for motor_flag
    control.o(i.RGB_test) refers to atof.o(i.__hardfp_atof) for __hardfp_atof
    control.o(i.RGB_test) refers to dfixui.o(.text) for __aeabi_d2uiz
    control.o(i.RGB_test) refers to rgb.o(i.RGB_Rst) for RGB_Rst
    control.o(i.RGB_test) refers to rgb.o(i.RGB_Set) for RGB_Set
    control.o(i.RGB_test) refers to pack_unpack.o(i.json_pack) for json_pack
    control.o(i.RGB_test) refers to dump.o(i.json_dumps) for json_dumps
    control.o(i.RGB_test) refers to printfa.o(i.__0printf) for __2printf
    control.o(i.RGB_test) refers to malloc.o(i.free) for free
    control.o(i.RGB_test) refers to control.o(i.json_decref) for json_decref
    control.o(i.RGB_test) refers to usart.o(.data) for USART_RX_STA
    control.o(i.RGB_test) refers to usart.o(.bss) for USART_RX_BUF
    control.o(i.heartrate_spo2_test) refers to max30102.o(i.MAX30102_Standby) for MAX30102_Standby
    control.o(i.heartrate_spo2_test) refers to strcmp.o(.text) for strcmp
    control.o(i.heartrate_spo2_test) refers to max30102.o(i.MAX30102_HeartRate_SPO2_Detect) for MAX30102_HeartRate_SPO2_Detect
    control.o(i.heartrate_spo2_test) refers to max30102.o(i.MAX30102_ShutDown) for MAX30102_ShutDown
    control.o(i.heartrate_spo2_test) refers to usart.o(.data) for USART_RX_STA
    control.o(i.heartrate_spo2_test) refers to usart.o(.bss) for USART_RX_BUF
    control.o(i.json_decref) refers to value.o(i.json_delete) for json_delete
    control.o(i.test_control) refers to memmovea.o(.text) for __aeabi_memcpy4
    control.o(i.test_control) refers to strcmp.o(.text) for strcmp
    control.o(i.test_control) refers to control.o(i.Motor_test) for Motor_test
    control.o(i.test_control) refers to control.o(i.RGB_test) for RGB_test
    control.o(i.test_control) refers to control.o(i.heartrate_spo2_test) for heartrate_spo2_test
    control.o(i.test_control) refers to hx711.o(i.height_weight_test) for height_weight_test
    control.o(i.test_control) refers to hx711.o(i.back_strenth_test) for back_strenth_test
    control.o(i.test_control) refers to hx711.o(i.arm_strength) for arm_strength
    control.o(i.test_control) refers to hx711.o(i.thigh_right_strength) for thigh_right_strength
    control.o(i.test_control) refers to hx711.o(i.thigh_left_strength) for thigh_left_strength
[...]
    i.hashtable_iter_next                    0x080041c8   Section        0  hashtable.o(i.hashtable_iter_next)
    i.hashtable_iter_serial                  0x080041d6   Section        0  hashtable.o(i.hashtable_iter_serial)
    i.hashtable_iter_value                   0x080041da   Section        0  hashtable.o(i.hashtable_iter_value)
    i.hashtable_set                          0x080041e0   Section        0  hashtable.o(i.hashtable_set)
    i.heartrate_spo2_test                    0x0800428c   Section        0  control.o(i.heartrate_spo2_test)
    i.height_weight_test                     0x0800431c   Section        0  hx711.o(i.height_weight_test)
    i.i2c_Ack                                0x08004418   Section        0  i2c.o(i.i2c_Ack)
    i.i2c_Init                               0x080044ac   Section        0  i2c.o(i.i2c_Init)
    i.i2c_NAck                               0x080045ac   Section        0  i2c.o(i.i2c_NAck)
    i.i2c_ReadMultiData                      0x08004640   Section        0  i2c.o(i.i2c_ReadMultiData)
    i.i2c_ReadOneByte                        0x080046b8   Section        0  i2c.o(i.i2c_ReadOneByte)
    i.i2c_Read_Byte                          0x0800470c   Section        0  i2c.o(i.i2c_Read_Byte)
    i.i2c_Send_Byte                          0x080047e0   Section        0  i2c.o(i.i2c_Send_Byte)
    i.i2c_Start                              0x08004894   Section        0  i2c.o(i.i2c_Start)
    i.i2c_Stop                               0x0800492c   Section        0  i2c.o(i.i2c_Stop)
    i.i2c_Wait_Ack                           0x080049bc   Section        0  i2c.o(i.i2c_Wait_Ack)
    i.i2c_WriteOneByte                       0x08004a78   Section        0  i2c.o(i.i2c_WriteOneByte)
    i.insert_to_bucket                       0x08004aba   Section        0  hashtable.o(i.insert_to_bucket)
    insert_to_bucket                         0x08004abb   Thumb Code    42  hashtable.o(i.insert_to_bucket)
    i.itoa                                   0x08004ae4   Section        0  usart.o(i.itoa)
    itoa                                     0x08004ae5   Thumb Code    98  usart.o(i.itoa)
    i.json_array                             0x08004b46   Section        0  value.o(i.json_array)
    i.json_array_append_new                  0x08004b7c   Section        0  value.o(i.json_array_append_new)
    i.json_array_get                         0x08004bc4   Section        0  value.o(i.json_array_get)
    i.json_array_grow                        0x08004be0   Section        0  value.o(i.json_array_grow)
    json_array_grow                          0x08004be1   Thumb Code    76  value.o(i.json_array_grow)
    i.json_array_size                        0x08004c2c   Section        0  value.o(i.json_array_size)
    i.json_decref                            0x08004c3e   Section        0  control.o(i.json_decref)
    json_decref                              0x08004c3f   Thumb Code    28  control.o(i.json_decref)
    i.json_decref                            0x08004c5a   Section        0  hx711.o(i.json_decref)
    json_decref                              0x08004c5b   Thumb Code    28  hx711.o(i.json_decref)
    i.json_decref                            0x08004c76   Section        0  pack_unpack.o(i.json_decref)
    json_decref                              0x08004c77   Thumb Code    24  pack_unpack.o(i.json_decref)
    i.json_decref                            0x08004c8e   Section        0  value.o(i.json_decref)
    json_decref                              0x08004c8f   Thumb Code    24  value.o(i.json_decref)
    i.json_decref                            0x08004ca6   Section        0  hashtable.o(i.json_decref)
    json_decref                              0x08004ca7   Thumb Code    24  hashtable.o(i.json_decref)
    i.json_delete                            0x08004cbe   Section        0  value.o(i.json_delete)
    i.json_dump_callback                     0x08004d12   Section        0  dump.o(i.json_dump_callback)
    i.json_dumps                             0x08004d3c   Section        0  dump.o(i.json_dumps)
    i.json_false                             0x08004d80   Section        0  value.o(i.json_false)
    i.json_incref                            0x08004d88   Section        0  pack_unpack.o(i.json_incref)
    json_incref                              0x08004d89   Thumb Code    16  pack_unpack.o(i.json_incref)
    i.json_integer                           0x08004d98   Section        0  value.o(i.json_integer)
    i.json_integer_value                     0x08004db4   Section        0  value.o(i.json_integer_value)
    i.json_null                              0x08004dcc   Section        0  value.o(i.json_null)
    i.json_object                            0x08004dd4   Section        0  value.o(i.json_object)
    i.json_object_get                        0x08004e20   Section        0  value.o(i.json_object_get)
    i.json_object_iter                       0x08004e3c   Section        0  value.o(i.json_object_iter)
    i.json_object_iter_key                   0x08004e54   Section        0  value.o(i.json_object_iter_key)
    i.json_object_iter_next                  0x08004e60   Section        0  value.o(i.json_object_iter_next)
    i.json_object_iter_value                 0x08004e7c   Section        0  value.o(i.json_object_iter_value)
    i.json_object_seed                       0x08004e88   Section        0  hashtable_seed.o(i.json_object_seed)
    i.json_object_set_new_nocheck            0x08004eb0   Section        0  value.o(i.json_object_set_new_nocheck)
    i.json_object_size                       0x08004ef0   Section        0  value.o(i.json_object_size)
    i.json_pack                              0x08004f02   Section        0  pack_unpack.o(i.json_pack)
    i.json_real                              0x08004f1a   Section        0  value.o(i.json_real)
    i.json_real_value                        0x08004f4e   Section        0  value.o(i.json_real_value)
    i.json_string_length                     0x08004f66   Section        0  value.o(i.json_string_length)
    i.json_string_value                      0x08004f78   Section        0  value.o(i.json_string_value)
    i.json_stringn_nocheck                   0x08004f8a   Section        0  value.o(i.json_stringn_nocheck)
    i.json_true                              0x08004f94   Section        0  value.o(i.json_true)
    i.json_vpack_ex                          0x08004f9c   Section        0  pack_unpack.o(i.json_vpack_ex)
    i.jsonp_dtostr                           0x08005060   Section        0  strconv.o(i.jsonp_dtostr)
    i.jsonp_error_init                       0x08005100   Section        0  error.o(i.jsonp_error_init)
    i.jsonp_error_set                        0x08005122   Section        0  error.o(i.jsonp_error_set)
    i.jsonp_error_set_source                 0x08005134   Section        0  error.o(i.jsonp_error_set_source)
    i.jsonp_error_vset                       0x08005170   Section        0  error.o(i.jsonp_error_vset)
    i.jsonp_free                             0x0800519c   Section        0  memory.o(i.jsonp_free)
    i.jsonp_malloc                           0x080051ac   Section        0  memory.o(i.jsonp_malloc)
    i.jsonp_strdup                           0x080051bc   Section        0  memory.o(i.jsonp_strdup)
    i.jsonp_stringn_nocheck_own              0x080051ce   Section        0  value.o(i.jsonp_stringn_nocheck_own)
    i.jsonp_strndup                          0x080051d8   Section        0  memory.o(i.jsonp_strndup)
    i.list_insert                            0x080051fc   Section        0  hashtable.o(i.list_insert)
    list_insert                              0x080051fd   Thumb Code    14  hashtable.o(i.list_insert)
    i.main                                   0x0800520c   Section        0  main.o(i.main)
    i.malloc                                 0x08005294   Section        0  malloc.o(i.malloc)
    i.next_token                             0x08005300   Section        0  pack_unpack.o(i.next_token)
    next_token                               0x08005301   Thumb Code   128  pack_unpack.o(i.next_token)
    i.object_key_compare_keys                0x08005380   Section        0  dump.o(i.object_key_compare_keys)
    object_key_compare_keys                  0x08005381   Thumb Code    12  dump.o(i.object_key_compare_keys)
    i.object_key_compare_serials             0x0800538c   Section        0  dump.o(i.object_key_compare_serials)
    object_key_compare_serials               0x0800538d   Thumb Code    26  dump.o(i.object_key_compare_serials)
    i.pack                                   0x080053a8   Section        0  pack_unpack.o(i.pack)
    pack                                     0x080053a9   Thumb Code   224  pack_unpack.o(i.pack)
    i.pack_array                             0x080054c0   Section        0  pack_unpack.o(i.pack_array)
    pack_array                               0x080054c1   Thumb Code    92  pack_unpack.o(i.pack_array)
    i.pack_object                            0x08005570   Section        0  pack_unpack.o(i.pack_object)
    pack_object                              0x08005571   Thumb Code   178  pack_unpack.o(i.pack_object)
    i.prev_token                             0x080056a0   Section        0  pack_unpack.o(i.prev_token)
    prev_token                               0x080056a1   Thumb Code    20  pack_unpack.o(i.prev_token)
    i.read_string                            0x080056b4   Section        0  pack_unpack.o(i.read_string)
    read_string                              0x080056b5   Thumb Code   268  pack_unpack.o(i.read_string)
    i.scanner_init                           0x08005810   Section        0  pack_unpack.o(i.scanner_init)
    scanner_init                             0x08005811   Thumb Code    44  pack_unpack.o(i.scanner_init)
    i.seed_from_timestamp_and_pid            0x0800583c   Section        0  jansson_config.o(i.seed_from_timestamp_and_pid)
    i.set_error                              0x08005842   Section        0  pack_unpack.o(i.set_error)
    set_error                                0x08005843   Thumb Code    44  pack_unpack.o(i.set_error)
    i.strbuffer_append_bytes                 0x08005870   Section        0  strbuffer.o(i.strbuffer_append_bytes)
    i.strbuffer_close                        0x080058e0   Section        0  strbuffer.o(i.strbuffer_close)
    i.strbuffer_init                         0x080058f8   Section        0  strbuffer.o(i.strbuffer_init)
    i.strbuffer_steal_value                  0x0800591a   Section        0  strbuffer.o(i.strbuffer_steal_value)
    i.strbuffer_value                        0x08005924   Section        0  strbuffer.o(i.strbuffer_value)
    i.string_create                          0x08005928   Section        0  value.o(i.string_create)
    string_create                            0x08005929   Thumb Code    62  value.o(i.string_create)
    i.test_control                           0x08005968   Section        0  control.o(i.test_control)
    i.thigh_left_strength                    0x08005b84   Section        0  hx711.o(i.thigh_left_strength)
    i.thigh_right_strength                   0x08005c78   Section        0  hx711.o(i.thigh_right_strength)
    i.uart2_init                             0x08005d6c   Section        0  usart.o(i.uart2_init)
    i.uart_init                              0x08005e18   Section        0  usart.o(i.uart_init)
    i.utf8_check_first                       0x08005ec8   Section        0  utf.o(i.utf8_check_first)
    i.utf8_check_full                        0x08005f04   Section        0  utf.o(i.utf8_check_full)
    i.utf8_check_string                      0x08005f8c   Section        0  utf.o(i.utf8_check_string)
    i.utf8_iterate                           0x08005fca   Section        0  utf.o(i.utf8_iterate)
    i.weight_test                            0x0800600c   Section        0  hx711.o(i.weight_test)
    .constdata                               0x08006118   Section       33  dump.o(.constdata)
    whitespace                               0x08006118   Data          33  dump.o(.constdata)
    .constdata                               0x08006139   Section       64  ctype_c.o(.constdata)
    .data                                    0x20000000   Section       82  main.o(.data)
    .data                                    0x20000054   Section       14  control.o(.data)
    .data                                    0x20000062   Section        2  hx711.o(.data)
    .data                                    0x20000064   Section        4  delay.o(.data)
    fac_us                                   0x20000064   Data           1  delay.o(.data)
    fac_ms                                   0x20000066   Data           2  delay.o(.data)
    .data                                    0x20000068   Section        8  usart.o(.data)
    .data                                    0x20000070   Section       16  stm32f4xx_rcc.o(.data)
    APBAHBPrescTable                         0x20000070   Data          16  stm32f4xx_rcc.o(.data)
    .data                                    0x20000080   Section       24  value.o(.data)
    the_true                                 0x20000080   Data           8  value.o(.data)
    the_false                                0x20000088   Data           8  value.o(.data)
    the_null                                 0x20000090   Data           8  value.o(.data)
    .data                                    0x20000098   Section        8  memory.o(.data)
    do_malloc                                0x20000098   Data           4  memory.o(.data)
    do_free                                  0x2000009c   Data           4  memory.o(.data)
    .data                                    0x200000a0   Section        4  hashtable_seed.o(.data)
    .data                                    0x200000a4   Section        4  errno.o(.data)
    _errno                                   0x200000a4   Data           4  errno.o(.data)
    .data                                    0x200000a8   Section        4  mvars.o(.data)
    .data                                    0x200000ac   Section        4  mvars.o(.data)
    .bss                                     0x200000b0   Section      248  main.o(.bss)
    .bss                                     0x200001a8   Section      400  usart.o(.bss)
    HEAP                                     0x20000338   Section     3072  startup_stm32f40_41xxx.o(HEAP)
    STACK                                    0x20000f38   Section     1024  startup_stm32f40_41xxx.o(STACK)

    Global Symbols

    Symbol Name                              Value     Ov Type        Size  Object(Section)

    BuildAttributes$$THM_ISAv4$E$P$D$K$B$S$7EM$VFPi3$EXTD16$VFPS$VFMA$PE$A:L22UL41UL21$X:L11$S22US41US21$IEEE1$IW$USESV6$~STKCKD$USESV7$~SHL$OTIME$ROPI$IEEEJ$EBA8$MICROLIB$REQ8$PRES8$EABIv2 0x00000000   Number         0  anon$$obj.o ABSOLUTE
    __ARM_use_no_argv                        0x00000000   Number         0  main.o ABSOLUTE
    __use_no_errno                           0x00000000   Number         0  useno.o ABSOLUTE
    __use_no_exception_handling              0x00000000   Number         0  useno.o ABSOLUTE
    __use_no_fp                              0x00000000   Number         0  useno.o ABSOLUTE
    __use_no_heap                            0x00000000   Number         0  useno.o ABSOLUTE
    __use_no_heap_region                     0x00000000   Number         0  useno.o ABSOLUTE
    __use_no_semihosting                     0x00000000   Number         0  useno.o ABSOLUTE
    __use_no_semihosting_swi                 0x00000000   Number         0  useno.o ABSOLUTE
    __use_no_signal_handling                 0x00000000   Number         0  useno.o ABSOLUTE
    _printf_a                                0x00000000   Number         0  stubs.o ABSOLUTE
    _printf_c                                0x00000000   Number         0  stubs.o ABSOLUTE
    _printf_charcount                        0x00000000   Number         0  stubs.o ABSOLUTE
    _printf_d                                0x00000000   Number         0  stubs.o ABSOLUTE
    _printf_e                                0x00000000   Number         0  stubs.o ABSOLUTE
    _printf_f                                0x00000000   Number         0  stubs.o ABSOLUTE
    _printf_flags                            0x00000000   Number         0  stubs.o ABSOLUTE
    _printf_fp_dec                           0x00000000   Number         0  stubs.o ABSOLUTE
    _printf_fp_hex                           0x00000000   Number         0  stubs.o ABSOLUTE
    _printf_g                                0x00000000   Number         0  stubs.o ABSOLUTE
    _printf_i                                0x00000000   Number         0  stubs.o ABSOLUTE
    _printf_int_dec                          0x00000000   Number         0  stubs.o ABSOLUTE
    _printf_l                                0x00000000   Number         0  stubs.o ABSOLUTE
    _printf_lc                               0x00000000   Number         0  stubs.o ABSOLUTE
    _printf_ll                               0x00000000   Number         0  stubs.o ABSOLUTE
    _printf_lld                              0x00000000   Number         0  stubs.o ABSOLUTE
    _printf_lli                              0x00000000   Number         0  stubs.o ABSOLUTE
    _printf_llo                              0x00000000   Number         0  stubs.o ABSOLUTE
    _printf_llu                              0x00000000   Number         0  stubs.o ABSOLUTE
    _printf_llx                              0x00000000   Number         0  stubs.o ABSOLUTE
    _printf_longlong_dec                     0x00000000   Number         0  stubs.o ABSOLUTE
    _printf_longlong_hex                     0x00000000   Number         0  stubs.o ABSOLUTE
    _printf_longlong_oct                     0x00000000   Number         0  stubs.o ABSOLUTE
    _printf_ls                               0x00000000   Number         0  stubs.o ABSOLUTE
    _printf_mbtowc                           0x00000000   Number         0  stubs.o ABSOLUTE
    _printf_n                                0x00000000   Number         0  stubs.o ABSOLUTE
    _printf_o                                0x00000000   Number         0  stubs.o ABSOLUTE
    _printf_p                                0x00000000   Number         0  stubs.o ABSOLUTE
    _printf_percent                          0x00000000   Number         0  stubs.o ABSOLUTE
    _printf_pre_padding                      0x00000000   Number         0  stubs.o ABSOLUTE
    _printf_return_value                     0x00000000   Number         0  stubs.o ABSOLUTE
    _printf_s                                0x00000000   Number         0  stubs.o ABSOLUTE
    _printf_sizespec                         0x00000000   Number         0  stubs.o ABSOLUTE
    _printf_str                              0x00000000   Number         0  stubs.o ABSOLUTE
    _printf_truncate_signed                  0x00000000   Number         0  stubs.o ABSOLUTE
    _printf_truncate_unsigned                0x00000000   Number         0  stubs.o ABSOLUTE
    _printf_u                                0x00000000   Number         0  stubs.o ABSOLUTE
    _printf_wc                               0x00000000   Number         0  stubs.o ABSOLUTE
    _printf_wctomb                           0x00000000   Number         0  stubs.o ABSOLUTE
    _printf_widthprec                        0x00000000   Number         0  stubs.o ABSOLUTE
    _printf_x                                0x00000000   Number         0  stubs.o ABSOLUTE
    __cpp_initialize__aeabi_                  - Undefined Weak Reference
    __cxa_finalize                            - Undefined Weak Reference
    __decompress                              - Undefined Weak Reference
    _clock_init                               - Undefined Weak Reference
    _microlib_exit                            - Undefined Weak Reference
    __Vectors_Size                           0x00000188   Number         0  startup_stm32f40_41xxx.o ABSOLUTE
    __Vectors                                0x08000000   Data           4  startup_stm32f40_41xxx.o(RESET)
    __Vectors_End                            0x08000188   Data           0  startup_stm32f40_41xxx.o(RESET)
    __main                                   0x08000189   Thumb Code     0  entry.o(.ARM.Collect$$$$00000000)
    _main_stk                                0x08000189   Thumb Code     0  entry2.o(.ARM.Collect$$$$00000001)
    _main_scatterload                        0x0800018d   Thumb Code     0  entry5.o(.ARM.Collect$$$$00000004)
    __main_after_scatterload                 0x08000191   Thumb Code     0  entry5.o(.ARM.Collect$$$$00000004)
    _main_clock                              0x08000191   Thumb Code     0  entry7b.o(.ARM.Collect$$$$00000008)
    _main_cpp_init                           0x08000191   Thumb Code     0  entry8b.o(.ARM.Collect$$$$0000000A)
    _main_init                               0x08000191   Thumb Code     0  entry9a.o(.ARM.Collect$$$$0000000B)
    __rt_final_cpp                           0x08000199   Thumb Code     0  entry10a.o(.ARM.Collect$$$$0000000D)
    __rt_final_exit                          0x08000199   Thumb Code     0  entry11a.o(.ARM.Collect$$$$0000000F)
    Reset_Handler                            0x0800019d   Thumb Code     8  startup_stm32f40_41xxx.o(.text)
    ADC_IRQHandler                           0x080001b7   Thumb Code     0  startup_stm32f40_41xxx.o(.text)
    CAN1_RX0_IRQHandler                      0x080001b7   Thumb Code     0  startup_stm32f40_41xxx.o(.text)
    CAN1_RX1_IRQHandler                      0x080001b7   Thumb Code     0  startup_stm32f40_41xxx.o(.text)
    CAN1_SCE_IRQHandler                      0x080001b7   Thumb Code     0  startup_stm32f40_41xxx.o(.text)
    CAN1_TX_IRQHandler                       0x080001b7   Thumb Code     0  startup_stm32f40_41xxx.o(.text)
    CAN2_RX0_IRQHandler                      0x080001b7   Thumb Code     0  startup_stm32f40_41xxx.o(.text)
    CAN2_RX1_IRQHandler                      0x080001b7   Thumb Code     0  startup_stm32f40_41xxx.o(.text)
    CAN2_SCE_IRQHandler                      0x080001b7   Thumb Code     0  startup_stm32f40_41xxx.o(.text)
    CAN2_TX_IRQHandler                       0x080001b7   Thumb Code     0  startup_stm32f40_41xxx.o(.text)
    CRYP_IRQHandler                          0x080001b7   Thumb Code     0  startup_stm32f40_41xxx.o(.text)
    DCMI_IRQHandler                          0x080001b7   Thumb Code     0  startup_stm32f40_41xxx.o(.text)
    DMA1_Stream0_IRQHandler                  0x080001b7   Thumb Code     0  startup_stm32f40_41xxx.o(.text)
    DMA1_Stream1_IRQHandler                  0x080001b7   Thumb Code     0  startup_stm32f40_41xxx.o(.text)
    DMA1_Stream2_IRQHandler                  0x080001b7   Thumb Code     0  startup_stm32f40_41xxx.o(.text)
    DMA1_Stream3_IRQHandler                  0x080001b7   Thumb Code     0  startup_stm32f40_41xxx.o(.text)
    DMA1_Stream4_IRQHandler                  0x080001b7   Thumb Code     0  startup_stm32f40_41xxx.o(.text)
    DMA1_Stream5_IRQHandler                  0x080001b7   Thumb Code     0  startup_stm32f40_41xxx.o(.text)
    DMA1_Stream6_IRQHandler                  0x080001b7   Thumb Code     0  startup_stm32f40_41xxx.o(.text)
    DMA1_Stream7_IRQHandler                  0x080001b7   Thumb Code     0  startup_stm32f40_41xxx.o(.text)
    DMA2_Stream0_IRQHandler                  0x080001b7   Thumb Code     0  startup_stm32f40_41xxx.o(.text)
    DMA2_Stream1_IRQHandler                  0x080001b7   Thumb Code     0  startup_stm32f40_41xxx.o(.text)
    DMA2_Stream2_IRQHandler                  0x080001b7   Thumb Code     0  startup_stm32f40_41xxx.o(.text)
    DMA2_Stream3_IRQHandler                  0x080001b7   Thumb Code     0  startup_stm32f40_41xxx.o(.text)
    DMA2_Stream4_IRQHandler                  0x080001b7   Thumb Code     0  startup_stm32f40_41xxx.o(.text)
    DMA2_Stream5_IRQHandler                  0x080001b7   Thumb Code     0  startup_stm32f40_41xxx.o(.text)
    DMA2_Stream6_IRQHandler                  0x080001b7   Thumb Code     0  startup_stm32f40_41xxx.o(.text)
    DMA2_Stream7_IRQHandler                  0x080001b7   Thumb Code     0  startup_stm32f40_41xxx.o(.text)
    ETH_IRQHandler                           0x080001b7   Thumb Code     0  startup_stm32f40_41xxx.o(.text)
    ETH_WKUP_IRQHandler                      0x080001b7   Thumb Code     0  startup_stm32f40_41xxx.o(.text)
    EXTI0_IRQHandler                         0x080001b7   Thumb Code     0  startup_stm32f40_41xxx.o(.text)
    EXTI15_10_IRQHandler                     0x080001b7   Thumb Code     0  startup_stm32f40_41xxx.o(.text)
    EXTI4_IRQHandler                         0x080001b7   Thumb Code     0  startup_stm32f40_41xxx.o(.text)
    EXTI9_5_IRQHandler                       0x080001b7   Thumb Code     0  startup_stm32f40_41xxx.o(.text)
    FLASH_IRQHandler                         0x080001b7   Thumb Code     0  startup_stm32f40_41xxx.o(.text)
    FPU_IRQHandler                           0x080001b7   Thumb Code     0  startup_stm32f40_41xxx.o(.text)
    FSMC_IRQHandler                          0x080001b7   Thumb Code     0  startup_stm32f40_41xxx.o(.text)
    HASH_RNG_IRQHandler                      0x080001b7   Thumb Code     0  startup_stm32f40_41xxx.o(.text)
    I2C1_ER_IRQHandler                       0x080001b7   Thumb Code     0  startup_stm32f40_41xxx.o(.text)
    I2C1_EV_IRQHandler                       0x080001b7   Thumb Code     0  startup_stm32f40_41xxx.o(.text)
    I2C2_ER_IRQHandler                       0x080001b7   Thumb Code     0  startup_stm32f40_41xxx.o(.text)
    I2C2_EV_IRQHandler                       0x080001b7   Thumb Code     0  startup_stm32f40_41xxx.o(.text)
    I2C3_ER_IRQHandler                       0x080001b7   Thumb Code     0  startup_stm32f40_41xxx.o(.text)
    I2C3_EV_IRQHandler                       0x080001b7   Thumb Code     0  startup_stm32f40_41xxx.o(.text)
    OTG_FS_IRQHandler                        0x080001b7   Thumb Code     0  startup_stm32f40_41xxx.o(.text)
    OTG_FS_WKUP_IRQHandler                   0x080001b7   Thumb Code     0  startup_stm32f40_41xxx.o(.text)
    OTG_HS_EP1_IN_IRQHandler                 0x080001b7   Thumb Code     0  startup_stm32f40_41xxx.o(.text)
    OTG_HS_EP1_OUT_IRQHandler                0x080001b7   Thumb Code     0  startup_stm32f40_41xxx.o(.text)
    OTG_HS_IRQHandler                        0x080001b7   Thumb Code     0  startup_stm32f40_41xxx.o(.text)
    OTG_HS_WKUP_IRQHandler                   0x080001b7   Thumb Code     0  startup_stm32f40_41xxx.o(.text)
    PVD_IRQHandler                           0x080001b7   Thumb Code     0  startup_stm32f40_41xxx.o(.text)
    RCC_IRQHandler                           0x080001b7   Thumb Code     0  startup_stm32f40_41xxx.o(.text)
    RTC_Alarm_IRQHandler                     0x080001b7   Thumb Code     0  startup_stm32f40_41xxx.o(.text)
    RTC_WKUP_IRQHandler                      0x080001b7   Thumb Code     0  startup_stm32f40_41xxx.o(.text)
    SDIO_IRQHandler                          0x080001b7   Thumb Code     0  startup_stm32f40_41xxx.o(.text)
    SPI1_IRQHandler                          0x080001b7   Thumb Code     0  startup_stm32f40_41xxx.o(.text)
    SPI2_IRQHandler                          0x080001b7   Thumb Code     0  startup_stm32f40_41xxx.o(.text)
    SPI3_IRQHandler                          0x080001b7   Thumb Code     0  startup_stm32f40_41xxx.o(.text)
    TAMP_STAMP_IRQHandler                    0x080001b7   Thumb Code     0  startup_stm32f40_41xxx.o(.text)
    TIM1_BRK_TIM9_IRQHandler                 0x080001b7   Thumb Code     0  startup_stm32f40_41xxx.o(.text)
    TIM1_CC_IRQHandler                       0x080001b7   Thumb Code     0  startup_stm32f40_41xxx.o(.text)
    TIM1_TRG_COM_TIM11_IRQHandler            0x080001b7   Thumb Code     0  startup_stm32f40_41xxx.o(.text)
    TIM1_UP_TIM10_IRQHandler                 0x080001b7   Thumb Code     0  startup_stm32f40_41xxx.o(.text)
    TIM2_IRQHandler                          0x080001b7   Thumb Code     0  startup_stm32f40_41xxx.o(.text)
    TIM4_IRQHandler                          0x080001b7   Thumb Code     0  startup_stm32f40_41xxx.o(.text)
    TIM5_IRQHandler                          0x080001b7   Thumb Code     0  startup_stm32f40_41xxx.o(.text)
    TIM6_DAC_IRQHandler                      0x080001b7   Thumb Code     0  startup_stm32f40_41xxx.o(.text)
    TIM7_IRQHandler                          0x080001b7   Thumb Code     0  startup_stm32f40_41xxx.o(.text)
    TIM8_BRK_TIM12_IRQHandler                0x080001b7   Thumb Code     0  startup_stm32f40_41xxx.o(.text)
    TIM8_CC_IRQHandler                       0x080001b7   Thumb Code     0  startup_stm32f40_41xxx.o(.text)
    TIM8_TRG_COM_TIM14_IRQHandler            0x080001b7   Thumb Code     0  startup_stm32f40_41xxx.o(.text)
    TIM8_UP_TIM13_IRQHandler                 0x080001b7   Thumb Code     0  startup_stm32f40_41xxx.o(.text)
    UART4_IRQHandler                         0x080001b7   Thumb Code     0  startup_stm32f40_41xxx.o(.text)
    UART5_IRQHandler                         0x080001b7   Thumb Code     0  startup_stm32f40_41xxx.o(.text)
    USART3_IRQHandler                        0x080001b7   Thumb Code     0  startup_stm32f40_41xxx.o(.text)
    USART6_IRQHandler                        0x080001b7   Thumb Code     0  startup_stm32f40_41xxx.o(.text)
    WWDG_IRQHandler                          0x080001b7   Thumb Code     0  startup_stm32f40_41xxx.o(.text)
    __aeabi_uidiv                            0x080001c1   Thumb Code     0  uidiv.o(.text)
    __aeabi_uidivmod                         0x080001c1   Thumb Code    44  uidiv.o(.text)
    __aeabi_ldivmod                          0x080001ed   Thumb Code    98  ldiv.o(.text)
    qsort                                    0x0800024f   Thumb Code   156  qsort.o(.text)
    ___aeabi_memcpy8$move                    0x080002eb   Thumb Code     0  memmovea.o(.text)
    __aeabi_memcpy                           0x080002eb   Thumb Code    64  memmovea.o(.text)
    __aeabi_memcpy4                          0x080002eb   Thumb Code     0  memmovea.o(.text)
    __aeabi_memmove                          0x080002eb   Thumb Code     0  memmovea.o(.text)
    __aeabi_memmove4                         0x080002eb   Thumb Code     0  memmovea.o(.text)
    __aeabi_memmove8                         0x080002eb   Thumb Code     0  memmovea.o(.text)
    strchr                                   0x0800032b   Thumb Code    20  strchr.o(.text)
    strlen                                   0x0800033f   Thumb Code    14  strlen.o(.text)
    strcmp                                   0x0800034d   Thumb Code    28  strcmp.o(.text)
    strcpy                                   0x08000369   Thumb Code    18  strcpy.o(.text)
    __aeabi_dadd                             0x0800037b   Thumb Code   322  dadd.o(.text)
    __aeabi_dsub                             0x080004bd   Thumb Code     6  dadd.o(.text)
    __aeabi_drsub                            0x080004c3   Thumb Code     6  dadd.o(.text)
    __aeabi_dmul                             0x080004c9   Thumb Code   228  dmul.o(.text)
    __aeabi_ddiv                             0x080005ad   Thumb Code   222  ddiv.o(.text)
    __aeabi_ui2d                             0x0800068b   Thumb Code    26  dfltui.o(.text)
    __aeabi_l2d                              0x080006a5   Thumb Code    40  dfltl.o(.text)
    __aeabi_d2iz                             0x080006cd   Thumb Code    62  dfixi.o(.text)
    __aeabi_d2uiz                            0x0800070b   Thumb Code    50  dfixui.o(.text)
    __aeabi_f2d                              0x0800073d   Thumb Code    38  f2d.o(.text)
    __aeabi_cdcmpeq                          0x08000765   Thumb Code     0  cdcmple.o(.text)
    __aeabi_cdcmple                          0x08000765   Thumb Code    48  cdcmple.o(.text)
    __aeabi_cdrcmple                         0x08000795   Thumb Code    48  cdrcmple.o(.text)
    __aeabi_d2f                              0x080007c5   Thumb Code    56  d2f.o(.text)
    __aeabi_uldivmod                         0x080007fd   Thumb Code    98  uldiv.o(.text)
    __aeabi_llsl                             0x0800085f   Thumb Code    30  llshl.o(.text)
    _ll_shift_l                              0x0800085f   Thumb Code     0  llshl.o(.text)
    __aeabi_llsr                             0x0800087d   Thumb Code    32  llushr.o(.text)
    _ll_ushift_r                             0x0800087d   Thumb Code     0  llushr.o(.text)
    __aeabi_lasr                             0x0800089d   Thumb Code    36  llsshr.o(.text)
    _ll_sshift_r                             0x0800089d   Thumb Code     0  llsshr.o(.text)
    __strtod_int                             0x080008f7   Thumb Code    90  strtod.o(.text)
    __I$use$fp                               0x0800095d   Thumb Code     0  iusefp.o(.text)
    _float_round                             0x0800095d   Thumb Code    18  fepilogue.o(.text)
    _float_epilogue                          0x0800096f   Thumb Code    92  fepilogue.o(.text)
    _double_round                            0x080009cb   Thumb Code    30  depilogue.o(.text)
    _double_epilogue                         0x080009e9   Thumb Code   156  depilogue.o(.text)
    __aeabi_d2ulz                            0x08000a85   Thumb Code    48  dfixul.o(.text)
    __scatterload                            0x08000ab5   Thumb Code    28  init.o(.text)
    __scatterload_rt2                        0x08000ab5   Thumb Code     0  init.o(.text)
    isspace                                  0x08000ad9   Thumb Code    10  isspace_c.o(.text)
    _scanf_real                              0x08000be5   Thumb Code     0  scanf_fp.o(.text)
    _scanf_really_real                       0x08000be5   Thumb Code   556  scanf_fp.o(.text)
    _sgetc                                   0x08000e1d   Thumb Code    30  _sgetc.o(.text)
    _sbackspace                              0x08000e3b   Thumb Code    34  _sgetc.o(.text)
    __ctype_lookup                           0x08000e5d   Thumb Code    34  ctype_c.o(.text)
    __aeabi_ul2d                             0x08000e85   Thumb Code    24  dfltul.o(.text)
    BusFault_Handler                         0x08000e9d   Thumb Code     4  stm32f4xx_it.o(i.BusFault_Handler)
    DebugMon_Handler                         0x08000ea1   Thumb Code     2  stm32f4xx_it.o(i.DebugMon_Handler)
    EXTI1_IRQHandler                         0x08000ea5   Thumb Code    30  exti.o(i.EXTI1_IRQHandler)
    EXTI2_IRQHandler                         0x08000ec9   Thumb Code    30  exti.o(i.EXTI2_IRQHandler)
    EXTI3_IRQHandler                         0x08000eed   Thumb Code    24  exti.o(i.EXTI3_IRQHandler)
    EXTI_Check_Init                          0x08000f0d   Thumb Code    50  exti.o(i.EXTI_Check_Init)
    EXTI_ClearITPendingBit                   0x08000f45   Thumb Code     6  stm32f4xx_exti.o(i.EXTI_ClearITPendingBit)
    EXTI_GetITStatus                         0x08000f51   Thumb Code    20  stm32f4xx_exti.o(i.EXTI_GetITStatus)
    EXTI_Init                                0x08000f69   Thumb Code   142  stm32f4xx_exti.o(i.EXTI_Init)
    EXTI_Key_Init                            0x08000ffd   Thumb Code   208  exti.o(i.EXTI_Key_Init)
    GPIO_Init                                0x080010d1   Thumb Code   144  stm32f4xx_gpio.o(i.GPIO_Init)
    GPIO_PinAFConfig                         0x08001161   Thumb Code    70  stm32f4xx_gpio.o(i.GPIO_PinAFConfig)
    GPIO_ReadInputDataBit                    0x080011a7   Thumb Code    18  stm32f4xx_gpio.o(i.GPIO_ReadInputDataBit)
    GPIO_ResetBits                           0x080011b9   Thumb Code     4  stm32f4xx_gpio.o(i.GPIO_ResetBits)
    GPIO_SetBits                             0x080011bd   Thumb Code     4  stm32f4xx_gpio.o(i.GPIO_SetBits)
    HardFault_Handler                        0x080011c1   Thumb Code     4  stm32f4xx_it.o(i.HardFault_Handler)
    IR_quickSort                             0x080011c5   Thumb Code   142  max30102.o(i.IR_quickSort)
    LiLiang1_test                            0x08001255   Thumb Code   370  hx711.o(i.LiLiang1_test)
    LiLiang2_test                            0x08001435   Thumb Code   382  hx711.o(i.LiLiang2_test)
    LiLiang3_test                            0x08001601   Thumb Code   328  hx711.o(i.LiLiang3_test)
    MAX30102_HeartRate_SPO2_Detect           0x080017c1   Thumb Code   140  max30102.o(i.MAX30102_HeartRate_SPO2_Detect)
    MAX30102_ReadMultiData                   0x08001869   Thumb Code    26  max30102.o(i.MAX30102_ReadMultiData)
    MAX30102_ReadOneByte                     0x08001883   Thumb Code    18  max30102.o(i.MAX30102_ReadOneByte)
    MAX30102_Reg_Setting                     0x08001895   Thumb Code   126  max30102.o(i.MAX30102_Reg_Setting)
    MAX30102_ShutDown                        0x08001915   Thumb Code   126  max30102.o(i.MAX30102_ShutDown)
    MAX30102_Standby                         0x080019d1   Thumb Code   348  max30102.o(i.MAX30102_Standby)
    MAX30102_WriteOneByte                    0x08001b59   Thumb Code    22  max30102.o(i.MAX30102_WriteOneByte)
    MAX30102_data_process                    0x08001b71   Thumb Code   230  max30102.o(i.MAX30102_data_process)
    MemManage_Handler                        0x08001c69   Thumb Code     4  stm32f4xx_it.o(i.MemManage_Handler)
    Motor_test                               0x08001c6d   Thumb Code   752  control.o(i.Motor_test)
    NMI_Handler                              0x08001fb5   Thumb Code     2  stm32f4xx_it.o(i.NMI_Handler)
    NVIC_Init                                0x08001fb9   Thumb Code   106  misc.o(i.NVIC_Init)
    NVIC_PriorityGroupConfig                 0x08002031   Thumb Code    10  misc.o(i.NVIC_PriorityGroupConfig)
    PendSV_Handler                           0x08002045   Thumb Code     2  stm32f4xx_it.o(i.PendSV_Handler)
    RCC_AHB1PeriphClockCmd                   0x08002049   Thumb Code    26  stm32f4xx_rcc.o(i.RCC_AHB1PeriphClockCmd)
    RCC_APB1PeriphClockCmd                   0x08002069   Thumb Code    26  stm32f4xx_rcc.o(i.RCC_APB1PeriphClockCmd)
    RCC_APB2PeriphClockCmd                   0x08002089   Thumb Code    26  stm32f4xx_rcc.o(i.RCC_APB2PeriphClockCmd)
    RCC_GetClocksFreq                        0x080020a9   Thumb Code   214  stm32f4xx_rcc.o(i.RCC_GetClocksFreq)
    RGB_Init                                 0x08002191   Thumb Code   102  rgb.o(i.RGB_Init)
    RGB_Rst                                  0x080021fd   Thumb Code    16  rgb.o(i.RGB_Rst)
    RGB_Set                                  0x08002211   Thumb Code    48  rgb.o(i.RGB_Set)
    RGB_Set_Down                             0x08002241   Thumb Code    28  rgb.o(i.RGB_Set_Down)
    RGB_Set_Up                               0x08002261   Thumb Code    28  rgb.o(i.RGB_Set_Up)
    RGB_test                                 0x08002281   Thumb Code   324  control.o(i.RGB_test)
    ReadCount                                0x080023e1   Thumb Code   100  hx711.o(i.ReadCount)
    SVC_Handler                              0x08002449   Thumb Code     2  stm32f4xx_it.o(i.SVC_Handler)
    SYSCFG_EXTILineConfig                    0x0800244d   Thumb Code    60  stm32f4xx_syscfg.o(i.SYSCFG_EXTILineConfig)
    StepMotor_Init                           0x08002579   Thumb Code    76  motor.o(i.StepMotor_Init)
    StepMotor_ctrl                           0x080025cd   Thumb Code    68  motor.o(i.StepMotor_ctrl)
    Strenth_GPIO_Config                      0x08002615   Thumb Code    74  hx711.o(i.Strenth_GPIO_Config)
    SysTick_CLKSourceConfig                  0x08002665   Thumb Code    40  misc.o(i.SysTick_CLKSourceConfig)
    SysTick_Handler                          0x0800268d   Thumb Code     2  stm32f4xx_it.o(i.SysTick_Handler)
    SystemInit                               0x08002691   Thumb Code    88  system_stm32f4xx.o(i.SystemInit)
    TIM3_IRQHandler                          0x080026f9   Thumb Code    28  timer.o(i.TIM3_IRQHandler)
    TIM3_Int_Init                            0x08002719   Thumb Code    80  timer.o(i.TIM3_Int_Init)
    TIM_ClearITPendingBit                    0x0800276d   Thumb Code     6  stm32f4xx_tim.o(i.TIM_ClearITPendingBit)
    TIM_Cmd                                  0x08002773   Thumb Code    24  stm32f4xx_tim.o(i.TIM_Cmd)
    TIM_GetITStatus                          0x0800278b   Thumb Code    34  stm32f4xx_tim.o(i.TIM_GetITStatus)
    TIM_ITConfig                             0x080027ad   Thumb Code    18  stm32f4xx_tim.o(i.TIM_ITConfig)
    TIM_TimeBaseInit                         0x080027c1   Thumb Code   104  stm32f4xx_tim.o(i.TIM_TimeBaseInit)
    USART1_IRQHandler                        0x08002845   Thumb Code   130  usart.o(i.USART1_IRQHandler)
    USART2_IRQHandler                        0x080028d5   Thumb Code   130  usart.o(i.USART2_IRQHandler)
    USART2_printf                            0x08002965   Thumb Code   262  usart.o(i.USART2_printf)
    USART_ClearFlag                          0x08002a6b   Thumb Code    18  stm32f4xx_usart.o(i.USART_ClearFlag)
    USART_Cmd                                0x08002a7d   Thumb Code    24  stm32f4xx_usart.o(i.USART_Cmd)
    USART_GetFlagStatus                      0x08002a95   Thumb Code    26  stm32f4xx_usart.o(i.USART_GetFlagStatus)
    USART_GetITStatus                        0x08002aaf   Thumb Code    84  stm32f4xx_usart.o(i.USART_GetITStatus)
    USART_ITConfig                           0x08002b03   Thumb Code    74  stm32f4xx_usart.o(i.USART_ITConfig)
    USART_Init                               0x08002b4d   Thumb Code   204  stm32f4xx_usart.o(i.USART_Init)
    USART_ReceiveData                        0x08002c21   Thumb Code    10  stm32f4xx_usart.o(i.USART_ReceiveData)
    USART_SendData                           0x08002c2b   Thumb Code     8  stm32f4xx_usart.o(i.USART_SendData)
    UsageFault_Handler                       0x08002c33   Thumb Code     4  stm32f4xx_it.o(i.UsageFault_Handler)
    __0printf                                0x08002c39   Thumb Code    22  printfa.o(i.__0printf)
    __1printf                                0x08002c39   Thumb Code     0  printfa.o(i.__0printf)
    __2printf                                0x08002c39   Thumb Code     0  printfa.o(i.__0printf)
    __c89printf                              0x08002c39   Thumb Code     0  printfa.o(i.__0printf)
    printf                                   0x08002c39   Thumb Code     0  printfa.o(i.__0printf)
    __0snprintf                              0x08002c59   Thumb Code    44  printfa.o(i.__0snprintf)
    __1snprintf                              0x08002c59   Thumb Code     0  printfa.o(i.__0snprintf)
    __2snprintf                              0x08002c59   Thumb Code     0  printfa.o(i.__0snprintf)
    __c89snprintf                            0x08002c59   Thumb Code     0  printfa.o(i.__0snprintf)
    snprintf                                 0x08002c59   Thumb Code     0  printfa.o(i.__0snprintf)
    __0sprintf                               0x08002c89   Thumb Code    34  printfa.o(i.__0sprintf)
    __1sprintf                               0x08002c89   Thumb Code     0  printfa.o(i.__0sprintf)
    __2sprintf                               0x08002c89   Thumb Code     0  printfa.o(i.__0sprintf)
    __c89sprintf                             0x08002c89   Thumb Code     0  printfa.o(i.__0sprintf)
    sprintf                                  0x08002c89   Thumb Code     0  printfa.o(i.__0sprintf)
    __0vsnprintf                             0x08002cb1   Thumb Code    40  printfa.o(i.__0vsnprintf)
    __1vsnprintf                             0x08002cb1   Thumb Code     0  printfa.o(i.__0vsnprintf)
    __2vsnprintf                             0x08002cb1   Thumb Code     0  printfa.o(i.__0vsnprintf)
    __c89vsnprintf                           0x08002cb1   Thumb Code     0  printfa.o(i.__0vsnprintf)
    vsnprintf                                0x08002cb1   Thumb Code     0  printfa.o(i.__0vsnprintf)
    __ARM_common_switch8                     0x08002cdd   Thumb Code    26  dump.o(i.__ARM_common_switch8)
    __ARM_isinf                              0x08002cf7   Thumb Code    22  value.o(i.__ARM_isinf)
    __ARM_isnan                              0x08002d0d   Thumb Code    20  value.o(i.__ARM_isnan)
    __hardfp_atof                            0x08002d29   Thumb Code    44  atof.o(i.__hardfp_atof)
    __hardfp_fabs                            0x08002d61   Thumb Code    20  fabs.o(i.__hardfp_fabs)
    __read_errno                             0x08002d75   Thumb Code     6  errno.o(i.__read_errno)
    __scatterload_copy                       0x08002d81   Thumb Code    14  handlers.o(i.__scatterload_copy)
    __scatterload_null                       0x08002d8f   Thumb Code     2  handlers.o(i.__scatterload_null)
    __scatterload_zeroinit                   0x08002d91   Thumb Code    14  handlers.o(i.__scatterload_zeroinit)
    __set_errno                              0x08002da1   Thumb Code     6  errno.o(i.__set_errno)
    _is_digit                                0x08002f31   Thumb Code    14  scanf_fp.o(i._is_digit)
    arm_strength                             0x08003691   Thumb Code   170  hx711.o(i.arm_strength)
    back_strenth_test                        0x08003799   Thumb Code     8  hx711.o(i.back_strenth_test)
    delay_0_6                                0x080037b9   Thumb Code    26  i2c.o(i.delay_0_6)
    delay_1_3                                0x080037d9   Thumb Code    26  i2c.o(i.delay_1_3)
    delay_init                               0x080037f9   Thumb Code    52  delay.o(i.delay_init)
    delay_ms                                 0x08003835   Thumb Code    56  delay.o(i.delay_ms)
    delay_ns                                 0x0800386d   Thumb Code    70  delay.o(i.delay_ns)
    delay_us                                 0x080038b5   Thumb Code    72  delay.o(i.delay_us)
    delay_xms                                0x08003901   Thumb Code    72  delay.o(i.delay_xms)
    fputc                                    0x08003e9d   Thumb Code    22  usart.o(i.fputc)
    free                                     0x08003eb9   Thumb Code    76  malloc.o(i.free)
    hashtable_close                          0x0800404d   Thumb Code    16  hashtable.o(i.hashtable_close)
    hashtable_get                            0x08004131   Thumb Code    58  hashtable.o(i.hashtable_get)
    hashtable_init                           0x08004171   Thumb Code    72  hashtable.o(i.hashtable_init)
    hashtable_iter                           0x080041b9   Thumb Code    12  hashtable.o(i.hashtable_iter)
    hashtable_iter_key                       0x080041c5   Thumb Code     4  hashtable.o(i.hashtable_iter_key)
    hashtable_iter_next                      0x080041c9   Thumb Code    14  hashtable.o(i.hashtable_iter_next)
    hashtable_iter_serial                    0x080041d7   Thumb Code     4  hashtable.o(i.hashtable_iter_serial)
    hashtable_iter_value                     0x080041db   Thumb Code     4  hashtable.o(i.hashtable_iter_value)
    hashtable_set                            0x080041e1   Thumb Code   168  hashtable.o(i.hashtable_set)
    heartrate_spo2_test                      0x0800428d   Thumb Code   106  control.o(i.heartrate_spo2_test)
    height_weight_test                       0x0800431d   Thumb Code   164  hx711.o(i.height_weight_test)
    i2c_Ack                                  0x08004419   Thumb Code   134  i2c.o(i.i2c_Ack)
    i2c_Init                                 0x080044ad   Thumb Code   242  i2c.o(i.i2c_Init)
    i2c_NAck                                 0x080045ad   Thumb Code   134  i2c.o(i.i2c_NAck)
    i2c_ReadMultiData                        0x08004641   Thumb Code   120  i2c.o(i.i2c_ReadMultiData)
    i2c_ReadOneByte                          0x080046b9   Thumb Code    84  i2c.o(i.i2c_ReadOneByte)
    i2c_Read_Byte                            0x0800470d   Thumb Code   200  i2c.o(i.i2c_Read_Byte)
    i2c_Send_Byte                            0x080047e1   Thumb Code   168  i2c.o(i.i2c_Send_Byte)
    i2c_Start                                0x08004895   Thumb Code   138  i2c.o(i.i2c_Start)
    i2c_Stop                                 0x0800492d   Thumb Code   130  i2c.o(i.i2c_Stop)
    i2c_Wait_Ack                             0x080049bd   Thumb Code   176  i2c.o(i.i2c_Wait_Ack)
    i2c_WriteOneByte                         0x08004a79   Thumb Code    66  i2c.o(i.i2c_WriteOneByte)
    json_array                               0x08004b47   Thumb Code    54  value.o(i.json_array)
    json_array_append_new                    0x08004b7d   Thumb Code    68  value.o(i.json_array_append_new)
    json_array_get                           0x08004bc5   Thumb Code    28  value.o(i.json_array_get)
    json_array_size                          0x08004c2d   Thumb Code    18  value.o(i.json_array_size)
    json_delete                              0x08004cbf   Thumb Code    84  value.o(i.json_delete)
    json_dump_callback                       0x08004d13   Thumb Code    42  dump.o(i.json_dump_callback)
    json_dumps                               0x08004d3d   Thumb Code    62  dump.o(i.json_dumps)
    json_false                               0x08004d81   Thumb Code     4  value.o(i.json_false)
    json_integer                             0x08004d99   Thumb Code    28  value.o(i.json_integer)
    json_integer_value                       0x08004db5   Thumb Code    24  value.o(i.json_integer_value)
    json_null                                0x08004dcd   Thumb Code     4  value.o(i.json_null)
    json_object                              0x08004dd5   Thumb Code    70  value.o(i.json_object)
    json_object_get                          0x08004e21   Thumb Code    28  value.o(i.json_object_get)
    json_object_iter                         0x08004e3d   Thumb Code    24  value.o(i.json_object_iter)
    json_object_iter_key                     0x08004e55   Thumb Code    12  value.o(i.json_object_iter_key)
    json_object_iter_next                    0x08004e61   Thumb Code    28  value.o(i.json_object_iter_next)
    json_object_iter_value                   0x08004e7d   Thumb Code    12  value.o(i.json_object_iter_value)
    json_object_seed                         0x08004e89   Thumb Code    34  hashtable_seed.o(i.json_object_seed)
    json_object_set_new_nocheck              0x08004eb1   Thumb Code    58  value.o(i.json_object_set_new_nocheck)
    json_object_size                         0x08004ef1   Thumb Code    18  value.o(i.json_object_size)
    json_pack                                0x08004f03   Thumb Code    24  pack_unpack.o(i.json_pack)
    json_real                                0x08004f1b   Thumb Code    52  value.o(i.json_real)
    json_real_value                          0x08004f4f   Thumb Code    24  value.o(i.json_real_value)
    json_string_length                       0x08004f67   Thumb Code    18  value.o(i.json_string_length)
    json_string_value                        0x08004f79   Thumb Code    18  value.o(i.json_string_value)
    json_stringn_nocheck                     0x08004f8b   Thumb Code    10  value.o(i.json_stringn_nocheck)
    json_true                                0x08004f95   Thumb Code     4  value.o(i.json_true)
    json_vpack_ex                            0x08004f9d   Thumb Code   128  pack_unpack.o(i.json_vpack_ex)
    jsonp_dtostr                             0x08005061   Thumb Code   150  strconv.o(i.jsonp_dtostr)
    jsonp_error_init                         0x08005101   Thumb Code    34  error.o(i.jsonp_error_init)
    jsonp_error_set                          0x08005123   Thumb Code    16  error.o(i.jsonp_error_set)
    jsonp_error_set_source                   0x08005135   Thumb Code    56  error.o(i.jsonp_error_set_source)
    jsonp_error_vset                         0x08005171   Thumb Code    44  error.o(i.jsonp_error_vset)
    jsonp_free                               0x0800519d   Thumb Code    12  memory.o(i.jsonp_free)
    jsonp_malloc                             0x080051ad   Thumb Code    12  memory.o(i.jsonp_malloc)
    jsonp_strdup                             0x080051bd   Thumb Code    18  memory.o(i.jsonp_strdup)
    jsonp_stringn_nocheck_own                0x080051cf   Thumb Code    10  value.o(i.jsonp_stringn_nocheck_own)
    jsonp_strndup                            0x080051d9   Thumb Code    36  memory.o(i.jsonp_strndup)
    main                                     0x0800520d   Thumb Code   128  main.o(i.main)
    malloc                                   0x08005295   Thumb Code    92  malloc.o(i.malloc)
    seed_from_timestamp_and_pid              0x0800583d   Thumb Code     6  jansson_config.o(i.seed_from_timestamp_and_pid)
    strbuffer_append_bytes                   0x08005871   Thumb Code   108  strbuffer.o(i.strbuffer_append_bytes)
    strbuffer_close                          0x080058e1   Thumb Code    24  strbuffer.o(i.strbuffer_close)
    strbuffer_init                           0x080058f9   Thumb Code    34  strbuffer.o(i.strbuffer_init)
    strbuffer_steal_value                    0x0800591b   Thumb Code    10  strbuffer.o(i.strbuffer_steal_value)
    strbuffer_value                          0x08005925   Thumb Code     4  strbuffer.o(i.strbuffer_value)
    test_control                             0x08005969   Thumb Code   334  control.o(i.test_control)
    thigh_left_strength                      0x08005b85   Thumb Code   176  hx711.o(i.thigh_left_strength)
    thigh_right_strength                     0x08005c79   Thumb Code   176  hx711.o(i.thigh_right_strength)
    uart2_init                               0x08005d6d   Thumb Code   164  usart.o(i.uart2_init)
    uart_init                                0x08005e19   Thumb Code   166  usart.o(i.uart_init)
    utf8_check_first                         0x08005ec9   Thumb Code    60  utf.o(i.utf8_check_first)
    utf8_check_full                          0x08005f05   Thumb Code   126  utf.o(i.utf8_check_full)
    utf8_check_string                        0x08005f8d   Thumb Code    62  utf.o(i.utf8_check_string)
    utf8_iterate                             0x08005fcb   Thumb Code    64  utf.o(i.utf8_iterate)
    weight_test                              0x0800600d   Thumb Code   226  hx711.o(i.weight_test)
    __ctype_categories                       0x08006139   Data          64  ctype_c.o(.constdata)
    Region$$Table$$Base                      0x0800617c   Number         0  anon$$obj.o(Region$$Table)
    Region$$Table$$Limit                     0x0800619c   Number         0  anon$$obj.o(Region$$Table)
    DELAY_US                                 0x20000000   Data           1  main.o(.data)
    time_counting                            0x20000004   Data           4  main.o(.data)
    motor_flag                               0x20000008   Data           1  main.o(.data)
    IR_Array_Num                             0x20000009   Data          15  main.o(.data)
    RED_Array_Num                            0x20000018   Data          15  main.o(.data)
    Pilot_PA                                 0x20000027   Data           1  main.o(.data)
    Pilot_THRESH                             0x20000028   Data           1  main.o(.data)
    New_sample_Num_RED                       0x20000029   Data           1  main.o(.data)
    last_sample_num_RED                      0x2000002a   Data           1  main.o(.data)
    New_sample_Num_IR                        0x2000002b   Data           1  main.o(.data)
    last_sample_num_IR                       0x2000002c   Data           1  main.o(.data)
    data                                     0x2000002d   Data           6  main.o(.data)
    RED_sample_DC                            0x20000038   Data           8  main.o(.data)
    IR_sample_DC                             0x20000040   Data           8  main.o(.data)
    IR_sample_DC_Pre                         0x20000048   Data           8  main.o(.data)
    RED_RDY                                  0x20000050   Data           1  main.o(.data)
    IR_RDY                                   0x20000051   Data           1  main.o(.data)
    new_distance                             0x20000054   Data           4  control.o(.data)
    past_distance                            0x20000058   Data           4  control.o(.data)
    dif_distance                             0x2000005c   Data           4  control.o(.data)
    dir                                      0x20000060   Data           1  control.o(.data)
    Round                                    0x20000061   Data           1  control.o(.data)
    mark                                     0x20000062   Data           1  hx711.o(.data)
    mark_stop                                0x20000063   Data           1  hx711.o(.data)
    __stdout                                 0x20000068   Data           4  usart.o(.data)
    USART_RX_STA                             0x2000006c   Data           2  usart.o(.data)
    USART2_RX_STA                            0x2000006e   Data           2  usart.o(.data)
    hashtable_seed                           0x200000a0   Data           4  hashtable_seed.o(.data)
    __microlib_freelist                      0x200000a8   Data           4  mvars.o(.data)
    __microlib_freelist_initialised          0x200000ac   Data           4  mvars.o(.data)
    IR_sample                                0x200000b0   Data          64  main.o(.bss)
    RED_sample                               0x200000f0   Data          64  main.o(.bss)
    IR_Array_Sort                            0x20000130   Data          60  main.o(.bss)
    RED_Array_Sort                           0x2000016c   Data          60  main.o(.bss)
    USART_RX_BUF                             0x200001a8   Data         200  usart.o(.bss)
    USART2_RX_BUF                            0x20000270   Data         200  usart.o(.bss)
    __heap_base                              0x20000338   Data           0  startup_stm32f40_41xxx.o(HEAP)
    __heap_limit                             0x20000f38   Data           0  startup_stm32f40_41xxx.o(HEAP)
    __initial_sp                             0x20001338   Data           0  startup_stm32f40_41xxx.o(STACK)



==============================================================================

Memory Map of the image

  Image Entry point : 0x08000189

  Load Region LR_IROM1 (Base: 0x08000000, Size: 0x0000624c, Max: 0x00100000, ABSOLUTE)

    Execution Region ER_IROM1 (Base: 0x08000000, Size: 0x0000619c, Max: 0x00100000, ABSOLUTE)

    Base Addr    Size         Type   Attr      Idx    E Section Name        Object

    0x08000000   0x00000188   Data   RO         1060    RESET               startup_stm32f40_41xxx.o
    0x08000188   0x00000000   Code   RO         3470  * .ARM.Collect$$$$00000000  mc_w.l(entry.o)
    0x08000188   0x00000004   Code   RO         3827    .ARM.Collect$$$$00000001  mc_w.l(entry2.o)
    0x0800018c   0x00000004   Code   RO         3830    .ARM.Collect$$$$00000004  mc_w.l(entry5.o)
    0x08000190   0x00000000   Code   RO         3832    .ARM.Collect$$$$00000008  mc_w.l(entry7b.o)
    0x08000190   0x00000000   Code   RO         3834    .ARM.Collect$$$$0000000A  mc_w.l(entry8b.o)
    0x08000190   0x00000008   Code   RO         3835    .ARM.Collect$$$$0000000B  mc_w.l(entry9a.o)
    0x08000198   0x00000000   Code   RO         3837    .ARM.Collect$$$$0000000D  mc_w.l(entry10a.o)
    0x08000198   0x00000000   Code   RO         3839    .ARM.Collect$$$$0000000F  mc_w.l(entry11a.o)
    0x08000198   0x00000004   Code   RO         3828    .ARM.Collect$$$$00002712  mc_w.l(entry2.o)
    0x0800019c   0x00000024   Code   RO         1061    .text               startup_stm32f40_41xxx.o
    0x080001c0   0x0000002c   Code   RO         3481    .text               mc_w.l(uidiv.o)
    0x080001ec   0x00000062   Code   RO         3483    .text               mc_w.l(ldiv.o)
    0x0800024e   0x0000009c   Code   RO         3485    .text               mc_w.l(qsort.o)
    0x080002ea   0x00000040   Code   RO         3491    .text               mc_w.l(memmovea.o)
    0x0800032a   0x00000014   Code   RO         3493    .text               mc_w.l(strchr.o)
    0x0800033e   0x0000000e   Code   RO         3495    .text               mc_w.l(strlen.o)
    0x0800034c   0x0000001c   Code   RO         3497    .text               mc_w.l(strcmp.o)
    0x08000368   0x00000012   Code   RO         3501    .text               mc_w.l(strcpy.o)
    0x0800037a   0x0000014e   Code   RO         3803    .text               mf_w.l(dadd.o)
    0x080004c8   0x000000e4   Code   RO         3805    .text               mf_w.l(dmul.o)
    0x080005ac   0x000000de   Code   RO         3807    .text               mf_w.l(ddiv.o)
    0x0800068a   0x0000001a   Code   RO         3811    .text               mf_w.l(dfltui.o)
    0x080006a4   0x00000028   Code   RO         3813    .text               mf_w.l(dfltl.o)
    0x080006cc   0x0000003e   Code   RO         3815    .text               mf_w.l(dfixi.o)
    0x0800070a   0x00000032   Code   RO         3817    .text               mf_w.l(dfixui.o)
    0x0800073c   0x00000026   Code   RO         3819    .text               mf_w.l(f2d.o)
    0x08000762   0x00000002   PAD
    0x08000764   0x00000030   Code   RO         3821    .text               mf_w.l(cdcmple.o)
    0x08000794   0x00000030   Code   RO         3823    .text               mf_w.l(cdrcmple.o)
    0x080007c4   0x00000038   Code   RO         3825    .text               mf_w.l(d2f.o)
    0x080007fc   0x00000062   Code   RO         3841    .text               mc_w.l(uldiv.o)
    0x0800085e   0x0000001e   Code   RO         3843    .text               mc_w.l(llshl.o)
    0x0800087c   0x00000020   Code   RO         3845    .text               mc_w.l(llushr.o)
    0x0800089c   0x00000024   Code   RO         3847    .text               mc_w.l(llsshr.o)
    0x080008c0   0x0000009c   Code   RO         3851    .text               mc_w.l(strtod.o)
    0x0800095c   0x00000000   Code   RO         3853    .text               mc_w.l(iusefp.o)
    0x0800095c   0x0000006e   Code   RO         3854    .text               mf_w.l(fepilogue.o)
    0x080009ca   0x000000ba   Code   RO         3856    .text               mf_w.l(depilogue.o)
    0x08000a84   0x00000030   Code   RO         3858    .text               mf_w.l(dfixul.o)
    0x08000ab4   0x00000024   Code   RO         3860    .text               mc_w.l(init.o)
    0x08000ad8   0x0000000a   Code   RO         3862    .text               mc_w.l(isspace_c.o)
    0x08000ae2   0x00000002   PAD
    0x08000ae4   0x00000338   Code   RO         3864    .text               mc_w.l(scanf_fp.o)
    0x08000e1c   0x00000040   Code   RO         3868    .text               mc_w.l(_sgetc.o)
    0x08000e5c   0x00000028   Code   RO         3870    .text               mc_w.l(ctype_c.o)
    0x08000e84   0x00000018   Code   RO         3873    .text               mf_w.l(dfltul.o)
    0x08000e9c   0x00000004   Code   RO          198    i.BusFault_Handler  stm32f4xx_it.o
    0x08000ea0   0x00000002   Code   RO          199    i.DebugMon_Handler  stm32f4xx_it.o
    0x08000ea2   0x00000002   PAD
    0x08000ea4   0x00000024   Code   RO          816    i.EXTI1_IRQHandler  exti.o
    0x08000ec8   0x00000024   Code   RO          817    i.EXTI2_IRQHandler  exti.o
    0x08000eec   0x00000020   Code   RO          818    i.EXTI3_IRQHandler  exti.o
    0x08000f0c   0x00000038   Code   RO          819    i.EXTI_Check_Init   exti.o
    0x08000f44   0x0000000c   Code   RO         2350    i.EXTI_ClearITPendingBit  stm32f4xx_exti.o
    0x08000f50   0x00000018   Code   RO         2354    i.EXTI_GetITStatus  stm32f4xx_exti.o
    0x08000f68   0x00000094   Code   RO         2355    i.EXTI_Init         stm32f4xx_exti.o
    0x08000ffc   0x000000d4   Code   RO          820    i.EXTI_Key_Init     exti.o
    0x080010d0   0x00000090   Code   RO         1112    i.GPIO_Init         stm32f4xx_gpio.o
    0x08001160   0x00000046   Code   RO         1113    i.GPIO_PinAFConfig  stm32f4xx_gpio.o
    0x080011a6   0x00000012   Code   RO         1116    i.GPIO_ReadInputDataBit  stm32f4xx_gpio.o
    0x080011b8   0x00000004   Code   RO         1119    i.GPIO_ResetBits    stm32f4xx_gpio.o
    0x080011bc   0x00000004   Code   RO         1120    i.GPIO_SetBits      stm32f4xx_gpio.o
    0x080011c0   0x00000004   Code   RO          200    i.HardFault_Handler  stm32f4xx_it.o
    0x080011c4   0x0000008e   Code   RO          519    i.IR_quickSort      max30102.o
    0x08001252   0x00000002   PAD
    0x08001254   0x000001e0   Code   RO          702    i.LiLiang1_test     hx711.o
    0x08001434   0x000001cc   Code   RO          703    i.LiLiang2_test     hx711.o
    0x08001600   0x000001c0   Code   RO          704    i.LiLiang3_test     hx711.o
    0x080017c0   0x000000a8   Code   RO          520    i.MAX30102_HeartRate_SPO2_Detect  max30102.o
    0x08001868   0x0000001a   Code   RO          521    i.MAX30102_ReadMultiData  max30102.o
    0x08001882   0x00000012   Code   RO          522    i.MAX30102_ReadOneByte  max30102.o
    0x08001894   0x0000007e   Code   RO          523    i.MAX30102_Reg_Setting  max30102.o
    0x08001912   0x00000002   PAD
    0x08001914   0x000000bc   Code   RO          524    i.MAX30102_ShutDown  max30102.o
    0x080019d0   0x00000188   Code   RO          525    i.MAX30102_Standby  max30102.o
    0x08001b58   0x00000016   Code   RO          526    i.MAX30102_WriteOneByte  max30102.o
    0x08001b6e   0x00000002   PAD
    0x08001b70   0x000000f8   Code   RO          527    i.MAX30102_data_process  max30102.o
    0x08001c68   0x00000004   Code   RO          201    i.MemManage_Handler  stm32f4xx_it.o
    0x08001c6c   0x00000348   Code   RO          332    i.Motor_test        control.o
    0x08001fb4   0x00000002   Code   RO          202    i.NMI_Handler       stm32f4xx_it.o
    0x08001fb6   0x00000002   PAD
    0x08001fb8   0x00000078   Code   RO         1067    i.NVIC_Init         misc.o
    0x08002030   0x00000014   Code   RO         1068    i.NVIC_PriorityGroupConfig  misc.o
    0x08002044   0x00000002   Code   RO          203    i.PendSV_Handler    stm32f4xx_it.o
    0x08002046   0x00000002   PAD
    0x08002048   0x00000020   Code   RO         1209    i.RCC_AHB1PeriphClockCmd  stm32f4xx_rcc.o
    0x08002068   0x00000020   Code   RO         1218    i.RCC_APB1PeriphClockCmd  stm32f4xx_rcc.o
    0x08002088   0x00000020   Code   RO         1221    i.RCC_APB2PeriphClockCmd  stm32f4xx_rcc.o
    0x080020a8   0x000000e8   Code   RO         1230    i.RCC_GetClocksFreq  stm32f4xx_rcc.o
    0x08002190   0x0000006c   Code   RO          471    i.RGB_Init          rgb.o
    0x080021fc   0x00000014   Code   RO          472    i.RGB_Rst           rgb.o
    0x08002210   0x00000030   Code   RO          473    i.RGB_Set           rgb.o
    0x08002240   0x00000020   Code   RO          474    i.RGB_Set_Down      rgb.o
    0x08002260   0x00000020   Code   RO          475    i.RGB_Set_Up        rgb.o
    0x08002280   0x00000160   Code   RO          333    i.RGB_test          control.o
    0x080023e0   0x00000068   Code   RO          705    i.ReadCount         hx711.o
    0x08002448   0x00000002   Code   RO          204    i.SVC_Handler       stm32f4xx_it.o
    0x0800244a   0x00000002   PAD
    0x0800244c   0x00000040   Code   RO         1546    i.SYSCFG_EXTILineConfig  stm32f4xx_syscfg.o
    0x0800248c   0x000000ec   Code   RO          295    i.SetSysClock       system_stm32f4xx.o
    0x08002578   0x00000054   Code   RO          790    i.StepMotor_Init    motor.o
    0x080025cc   0x00000048   Code   RO          791    i.StepMotor_ctrl    motor.o
    0x08002614   0x00000050   Code   RO          706    i.Strenth_GPIO_Config  hx711.o
    0x08002664   0x00000028   Code   RO         1071    i.SysTick_CLKSourceConfig  misc.o
    0x0800268c   0x00000002   Code   RO          205    i.SysTick_Handler   stm32f4xx_it.o
    0x0800268e   0x00000002   PAD
    0x08002690   0x00000068   Code   RO          297    i.SystemInit        system_stm32f4xx.o
    0x080026f8   0x00000020   Code   RO         1034    i.TIM3_IRQHandler   timer.o
    0x08002718   0x00000054   Code   RO         1035    i.TIM3_Int_Init     timer.o
    0x0800276c   0x00000006   Code   RO         1798    i.TIM_ClearITPendingBit  stm32f4xx_tim.o
    0x08002772   0x00000018   Code   RO         1803    i.TIM_Cmd           stm32f4xx_tim.o
    0x0800278a   0x00000022   Code   RO         1824    i.TIM_GetITStatus   stm32f4xx_tim.o
    0x080027ac   0x00000012   Code   RO         1828    i.TIM_ITConfig      stm32f4xx_tim.o
    0x080027be   0x00000002   PAD
    0x080027c0   0x00000084   Code   RO         1875    i.TIM_TimeBaseInit  stm32f4xx_tim.o
    0x08002844   0x00000090   Code   RO          932    i.USART1_IRQHandler  usart.o
    0x080028d4   0x00000090   Code   RO          933    i.USART2_IRQHandler  usart.o
    0x08002964   0x00000106   Code   RO          934    i.USART2_printf     usart.o
    0x08002a6a   0x00000012   Code   RO         1599    i.USART_ClearFlag   stm32f4xx_usart.o
    0x08002a7c   0x00000018   Code   RO         1603    i.USART_Cmd         stm32f4xx_usart.o
    0x08002a94   0x0000001a   Code   RO         1606    i.USART_GetFlagStatus  stm32f4xx_usart.o
    0x08002aae   0x00000054   Code   RO         1607    i.USART_GetITStatus  stm32f4xx_usart.o
    0x08002b02   0x0000004a   Code   RO         1609    i.USART_ITConfig    stm32f4xx_usart.o
    0x08002b4c   0x000000d4   Code   RO         1610    i.USART_Init        stm32f4xx_usart.o
    0x08002c20   0x0000000a   Code   RO         1617    i.USART_ReceiveData  stm32f4xx_usart.o
    0x08002c2a   0x00000008   Code   RO         1620    i.USART_SendData    stm32f4xx_usart.o
    0x08002c32   0x00000004   Code   RO          206    i.UsageFault_Handler  stm32f4xx_it.o
    0x08002c36   0x00000002   PAD
    0x08002c38   0x00000020   Code   RO         3740    i.__0printf         mc_w.l(printfa.o)
    0x08002c58   0x00000030   Code   RO         3741    i.__0snprintf       mc_w.l(printfa.o)
    0x08002c88   0x00000028   Code   RO         3742    i.__0sprintf        mc_w.l(printfa.o)
    0x08002cb0   0x0000002c   Code   RO         3745    i.__0vsnprintf      mc_w.l(printfa.o)
    0x08002cdc   0x0000001a   Code   RO         2483    i.__ARM_common_switch8  jansson_CM3LE.lib(dump.o)
    0x08002cf6   0x00000016   Code   RO         3010    i.__ARM_isinf       jansson_CM3LE.lib(value.o)
    0x08002d0c   0x00000018   Code   RO         3015    i.__ARM_isnan       jansson_CM3LE.lib(value.o)
    0x08002d24   0x00000004   PAD
    0x08002d28   0x00000038   Code   RO         3452    i.__hardfp_atof     m_wm.l(atof.o)
    0x08002d60   0x00000014   Code   RO         3458    i.__hardfp_fabs     m_wm.l(fabs.o)
    0x08002d74   0x0000000c   Code   RO         3797    i.__read_errno      mc_w.l(errno.o)
    0x08002d80   0x0000000e   Code   RO         3877    i.__scatterload_copy  mc_w.l(handlers.o)
    0x08002d8e   0x00000002   Code   RO         3878    i.__scatterload_null  mc_w.l(handlers.o)
    0x08002d90   0x0000000e   Code   RO         3879    i.__scatterload_zeroinit  mc_w.l(handlers.o)
    0x08002d9e   0x00000002   PAD
    0x08002da0   0x0000000c   Code   RO         3798    i.__set_errno       mc_w.l(errno.o)
    0x08002dac   0x00000184   Code   RO         3747    i._fp_digits        mc_w.l(printfa.o)
    0x08002f30   0x0000000e   Code   RO         3866    i._is_digit         mc_w.l(scanf_fp.o)
    0x08002f3e   0x00000002   PAD
    0x08002f40   0x000006dc   Code   RO         3748    i._printf_core      mc_w.l(printfa.o)
    0x0800361c   0x00000024   Code   RO         3749    i._printf_post_padding  mc_w.l(printfa.o)
    0x08003640   0x0000002e   Code   RO         3750    i._printf_pre_padding  mc_w.l(printfa.o)
    0x0800366e   0x00000016   Code   RO         3751    i._snputc           mc_w.l(printfa.o)
    0x08003684   0x0000000a   Code   RO         3752    i._sputc            mc_w.l(printfa.o)
    0x0800368e   0x00000002   PAD
    0x08003690   0x000000f0   Code   RO          707    i.arm_strength      hx711.o
    0x08003780   0x00000018   Code   RO         2664    i.array_copy        jansson_CM3LE.lib(value.o)
    0x08003798   0x00000008   Code   RO          708    i.back_strenth_test  hx711.o
    0x080037a0   0x00000016   Code   RO         3104    i.bucket_is_empty   jansson_CM3LE.lib(hashtable.o)
    0x080037b6   0x00000002   PAD
    0x080037b8   0x00000020   Code   RO          610    i.delay_0_6         i2c.o
    0x080037d8   0x00000020   Code   RO          611    i.delay_1_3         i2c.o
    0x080037f8   0x0000003c   Code   RO          868    i.delay_init        delay.o
    0x08003834   0x00000038   Code   RO          869    i.delay_ms          delay.o
    0x0800386c   0x00000046   Code   RO          870    i.delay_ns          delay.o
    0x080038b2   0x00000002   PAD
    0x080038b4   0x0000004c   Code   RO          871    i.delay_us          delay.o
    0x08003900   0x0000004c   Code   RO          872    i.delay_xms         delay.o
    0x0800394c   0x00000394   Code   RO         2421    i.do_dump           jansson_CM3LE.lib(dump.o)
    0x08003ce0   0x00000060   Code   RO         2422    i.dump_indent       jansson_CM3LE.lib(dump.o)
    0x08003d40   0x0000014c   Code   RO         2423    i.dump_string       jansson_CM3LE.lib(dump.o)
    0x08003e8c   0x00000010   Code   RO         2425    i.dump_to_strbuffer  jansson_CM3LE.lib(dump.o)
    0x08003e9c   0x0000001c   Code   RO          938    i.fputc             usart.o
    0x08003eb8   0x00000050   Code   RO         3768    i.free              mc_w.l(malloc.o)
    0x08003f08   0x00000144   Code   RO         3105    i.hashlittle        jansson_CM3LE.lib(hashtable.o)
    0x0800404c   0x00000010   Code   RO         3107    i.hashtable_close   jansson_CM3LE.lib(hashtable.o)
    0x0800405c   0x00000022   Code   RO         3109    i.hashtable_do_clear  jansson_CM3LE.lib(hashtable.o)
    0x0800407e   0x00000076   Code   RO         3111    i.hashtable_do_rehash  jansson_CM3LE.lib(hashtable.o)
    0x080040f4   0x0000003c   Code   RO         3112    i.hashtable_find_pair  jansson_CM3LE.lib(hashtable.o)
    0x08004130   0x00000040   Code   RO         3113    i.hashtable_get     jansson_CM3LE.lib(hashtable.o)
    0x08004170   0x00000048   Code   RO         3114    i.hashtable_init    jansson_CM3LE.lib(hashtable.o)
    0x080041b8   0x0000000c   Code   RO         3115    i.hashtable_iter    jansson_CM3LE.lib(hashtable.o)
    0x080041c4   0x00000004   Code   RO         3117    i.hashtable_iter_key  jansson_CM3LE.lib(hashtable.o)
    0x080041c8   0x0000000e   Code   RO         3118    i.hashtable_iter_next  jansson_CM3LE.lib(hashtable.o)
    0x080041d6   0x00000004   Code   RO         3119    i.hashtable_iter_serial  jansson_CM3LE.lib(hashtable.o)
    0x080041da   0x00000004   Code   RO         3121    i.hashtable_iter_value  jansson_CM3LE.lib(hashtable.o)
    0x080041de   0x00000002   PAD
    0x080041e0   0x000000ac   Code   RO         3122    i.hashtable_set     jansson_CM3LE.lib(hashtable.o)
    0x0800428c   0x00000090   Code   RO          334    i.heartrate_spo2_test  control.o
    0x0800431c   0x000000fc   Code   RO          709    i.height_weight_test  hx711.o
    0x08004418   0x00000094   Code   RO          612    i.i2c_Ack           i2c.o
    0x080044ac   0x00000100   Code   RO          613    i.i2c_Init          i2c.o
    0x080045ac   0x00000094   Code   RO          614    i.i2c_NAck          i2c.o
    0x08004640   0x00000078   Code   RO          615    i.i2c_ReadMultiData  i2c.o
    0x080046b8   0x00000054   Code   RO          616    i.i2c_ReadOneByte   i2c.o
    0x0800470c   0x000000d4   Code   RO          617    i.i2c_Read_Byte     i2c.o
    0x080047e0   0x000000b4   Code   RO          618    i.i2c_Send_Byte     i2c.o
    0x08004894   0x00000098   Code   RO          619    i.i2c_Start         i2c.o
    0x0800492c   0x00000090   Code   RO          620    i.i2c_Stop          i2c.o
    0x080049bc   0x000000bc   Code   RO          621    i.i2c_Wait_Ack      i2c.o
    0x08004a78   0x00000042   Code   RO          622    i.i2c_WriteOneByte  i2c.o
    0x08004aba   0x0000002a   Code   RO         3123    i.insert_to_bucket  jansson_CM3LE.lib(hashtable.o)
    0x08004ae4   0x00000062   Code   RO          939    i.itoa              usart.o
    0x08004b46   0x00000036   Code   RO         2666    i.json_array        jansson_CM3LE.lib(value.o)
    0x08004b7c   0x00000048   Code   RO         2667    i.json_array_append_new  jansson_CM3LE.lib(value.o)
    0x08004bc4   0x0000001c   Code   RO         2670    i.json_array_get    jansson_CM3LE.lib(value.o)
    0x08004be0   0x0000004c   Code   RO         2671    i.json_array_grow   jansson_CM3LE.lib(value.o)
    0x08004c2c   0x00000012   Code   RO         2675    i.json_array_size   jansson_CM3LE.lib(value.o)
    0x08004c3e   0x0000001c   Code   RO          335    i.json_decref       control.o
    0x08004c5a   0x0000001c   Code   RO          710    i.json_decref       hx711.o
    0x08004c76   0x00000018   Code   RO         2529    i.json_decref       jansson_CM3LE.lib(pack_unpack.o)
    0x08004c8e   0x00000018   Code   RO         2677    i.json_decref       jansson_CM3LE.lib(value.o)
    0x08004ca6   0x00000018   Code   RO         3124    i.json_decref       jansson_CM3LE.lib(hashtable.o)
    0x08004cbe   0x00000054   Code   RO         2679    i.json_delete       jansson_CM3LE.lib(value.o)
    0x08004d12   0x0000002a   Code   RO         2426    i.json_dump_callback  jansson_CM3LE.lib(dump.o)
    0x08004d3c   0x00000044   Code   RO         2429    i.json_dumps        jansson_CM3LE.lib(dump.o)
    0x08004d80   0x00000008   Code   RO         2681    i.json_false        jansson_CM3LE.lib(value.o)
    0x08004d88   0x00000010   Code   RO         2530    i.json_incref       jansson_CM3LE.lib(pack_unpack.o)
    0x08004d98   0x0000001c   Code   RO         2683    i.json_integer      jansson_CM3LE.lib(value.o)
    0x08004db4   0x00000018   Code   RO         2685    i.json_integer_value  jansson_CM3LE.lib(value.o)
    0x08004dcc   0x00000008   Code   RO         2686    i.json_null         jansson_CM3LE.lib(value.o)
    0x08004dd4   0x0000004c   Code   RO         2688    i.json_object       jansson_CM3LE.lib(value.o)
    0x08004e20   0x0000001c   Code   RO         2693    i.json_object_get   jansson_CM3LE.lib(value.o)
    0x08004e3c   0x00000018   Code   RO         2694    i.json_object_iter  jansson_CM3LE.lib(value.o)
    0x08004e54   0x0000000c   Code   RO         2696    i.json_object_iter_key  jansson_CM3LE.lib(value.o)
    0x08004e60   0x0000001c   Code   RO         2697    i.json_object_iter_next  jansson_CM3LE.lib(value.o)
    0x08004e7c   0x0000000c   Code   RO         2699    i.json_object_iter_value  jansson_CM3LE.lib(value.o)
    0x08004e88   0x00000028   Code   RO         3434    i.json_object_seed  jansson_CM3LE.lib(hashtable_seed.o)
    0x08004eb0   0x00000040   Code   RO         2702    i.json_object_set_new_nocheck  jansson_CM3LE.lib(value.o)
    0x08004ef0   0x00000012   Code   RO         2704    i.json_object_size  jansson_CM3LE.lib(value.o)
    0x08004f02   0x00000018   Code   RO         2531    i.json_pack         jansson_CM3LE.lib(pack_unpack.o)
    0x08004f1a   0x00000034   Code   RO         2708    i.json_real         jansson_CM3LE.lib(value.o)
    0x08004f4e   0x00000018   Code   RO         2710    i.json_real_value   jansson_CM3LE.lib(value.o)
    0x08004f66   0x00000012   Code   RO         2713    i.json_string_length  jansson_CM3LE.lib(value.o)
    0x08004f78   0x00000012   Code   RO         2719    i.json_string_value  jansson_CM3LE.lib(value.o)
    0x08004f8a   0x0000000a   Code   RO         2721    i.json_stringn_nocheck  jansson_CM3LE.lib(value.o)
    0x08004f94   0x00000008   Code   RO         2722    i.json_true         jansson_CM3LE.lib(value.o)
    0x08004f9c   0x000000c4   Code   RO         2535    i.json_vpack_ex     jansson_CM3LE.lib(pack_unpack.o)
    0x08005060   0x000000a0   Code   RO         3367    i.jsonp_dtostr      jansson_CM3LE.lib(strconv.o)
    0x08005100   0x00000022   Code   RO         3059    i.jsonp_error_init  jansson_CM3LE.lib(error.o)
    0x08005122   0x00000010   Code   RO         3060    i.jsonp_error_set   jansson_CM3LE.lib(error.o)
    0x08005132   0x00000002   PAD
    0x08005134   0x0000003c   Code   RO         3061    i.jsonp_error_set_source  jansson_CM3LE.lib(error.o)
    0x08005170   0x0000002c   Code   RO         3062    i.jsonp_error_vset  jansson_CM3LE.lib(error.o)
    0x0800519c   0x00000010   Code   RO         3262    i.jsonp_free        jansson_CM3LE.lib(memory.o)
    0x080051ac   0x00000010   Code   RO         3263    i.jsonp_malloc      jansson_CM3LE.lib(memory.o)
    0x080051bc   0x00000012   Code   RO         3264    i.jsonp_strdup      jansson_CM3LE.lib(memory.o)
    0x080051ce   0x0000000a   Code   RO         2723    i.jsonp_stringn_nocheck_own  jansson_CM3LE.lib(value.o)
    0x080051d8   0x00000024   Code   RO         3265    i.jsonp_strndup     jansson_CM3LE.lib(memory.o)
    0x080051fc   0x0000000e   Code   RO         3125    i.list_insert       jansson_CM3LE.lib(hashtable.o)
    0x0800520a   0x00000002   PAD
    0x0800520c   0x00000088   Code   RO            3    i.main              main.o
    0x08005294   0x0000006c   Code   RO         3769    i.malloc            mc_w.l(malloc.o)
    0x08005300   0x00000080   Code   RO         2537    i.next_token        jansson_CM3LE.lib(pack_unpack.o)
    0x08005380   0x0000000c   Code   RO         2430    i.object_key_compare_keys  jansson_CM3LE.lib(dump.o)
    0x0800538c   0x0000001a   Code   RO         2431    i.object_key_compare_serials  jansson_CM3LE.lib(dump.o)
    0x080053a6   0x00000002   PAD
    0x080053a8   0x00000118   Code   RO         2538    i.pack              jansson_CM3LE.lib(pack_unpack.o)
    0x080054c0   0x000000b0   Code   RO         2539    i.pack_array        jansson_CM3LE.lib(pack_unpack.o)
    0x08005570   0x00000130   Code   RO         2540    i.pack_object       jansson_CM3LE.lib(pack_unpack.o)
    0x080056a0   0x00000014   Code   RO         2541    i.prev_token        jansson_CM3LE.lib(pack_unpack.o)
    0x080056b4   0x0000015c   Code   RO         2542    i.read_string       jansson_CM3LE.lib(pack_unpack.o)
    0x08005810   0x0000002c   Code   RO         2543    i.scanner_init      jansson_CM3LE.lib(pack_unpack.o)
    0x0800583c   0x00000006   Code   RO         2409    i.seed_from_timestamp_and_pid  jansson_config.o
    0x08005842   0x0000002c   Code   RO         2544    i.set_error         jansson_CM3LE.lib(pack_unpack.o)
    0x0800586e   0x00000002   PAD
    0x08005870   0x00000070   Code   RO         3309    i.strbuffer_append_bytes  jansson_CM3LE.lib(strbuffer.o)
    0x080058e0   0x00000018   Code   RO         3311    i.strbuffer_close   jansson_CM3LE.lib(strbuffer.o)
    0x080058f8   0x00000022   Code   RO         3312    i.strbuffer_init    jansson_CM3LE.lib(strbuffer.o)
    0x0800591a   0x0000000a   Code   RO         3314    i.strbuffer_steal_value  jansson_CM3LE.lib(strbuffer.o)
    0x08005924   0x00000004   Code   RO         3315    i.strbuffer_value   jansson_CM3LE.lib(strbuffer.o)
    0x08005928   0x0000003e   Code   RO         2724    i.string_create     jansson_CM3LE.lib(value.o)
    0x08005966   0x00000002   PAD
    0x08005968   0x0000021c   Code   RO          336    i.test_control      control.o
    0x08005b84   0x000000f4   Code   RO          711    i.thigh_left_strength  hx711.o
    0x08005c78   0x000000f4   Code   RO          712    i.thigh_right_strength  hx711.o
    0x08005d6c   0x000000ac   Code   RO          940    i.uart2_init        usart.o
    0x08005e18   0x000000b0   Code   RO          941    i.uart_init         usart.o
    0x08005ec8   0x0000003c   Code   RO         3398    i.utf8_check_first  jansson_CM3LE.lib(utf.o)
    0x08005f04   0x00000088   Code   RO         3399    i.utf8_check_full   jansson_CM3LE.lib(utf.o)
    0x08005f8c   0x0000003e   Code   RO         3400    i.utf8_check_string  jansson_CM3LE.lib(utf.o)
    0x08005fca   0x00000040   Code   RO         3402    i.utf8_iterate      jansson_CM3LE.lib(utf.o)
    0x0800600a   0x00000002   PAD
    0x0800600c   0x0000010c   Code   RO          713    i.weight_test       hx711.o
    0x08006118   0x00000021   Data   RO         2432    .constdata          jansson_CM3LE.lib(dump.o)
    0x08006139   0x00000040   Data   RO         3871    .constdata          mc_w.l(ctype_c.o)
    0x08006179   0x00000003   PAD
    0x0800617c   0x00000020   Data   RO         3875    Region$$Table       anon$$obj.o


    Execution Region RW_IRAM1 (Base: 0x20000000, Size: 0x00001338, Max: 0x00020000, ABSOLUTE)

    Base Addr    Size         Type   Attr      Idx    E Section Name        Object

    0x20000000   0x00000052   Data   RW            5    .data               main.o
    0x20000052   0x00000002   PAD
    0x20000054   0x0000000e   Data   RW          337    .data               control.o
    0x20000062   0x00000002   Data   RW          714    .data               hx711.o
    0x20000064   0x00000004   Data   RW          873    .data               delay.o
    0x20000068   0x00000008   Data   RW          943    .data               usart.o
    0x20000070   0x00000010   Data   RW         1262    .data               stm32f4xx_rcc.o
    0x20000080   0x00000018   Data   RW         2725    .data               jansson_CM3LE.lib(value.o)
    0x20000098   0x00000008   Data   RW         3266    .data               jansson_CM3LE.lib(memory.o)
    0x200000a0   0x00000004   Data   RW         3435    .data               jansson_CM3LE.lib(hashtable_seed.o)
    0x200000a4   0x00000004   Data   RW         3799    .data               mc_w.l(errno.o)
    0x200000a8   0x00000004   Data   RW         3849    .data               mc_w.l(mvars.o)
    0x200000ac   0x00000004   Data   RW         3850    .data               mc_w.l(mvars.o)
    0x200000b0   0x000000f8   Zero   RW            4    .bss                main.o
    0x200001a8   0x00000190   Zero   RW          942    .bss                usart.o
    0x20000338   0x00000c00   Zero   RW         1059    HEAP                startup_stm32f40_41xxx.o
    0x20000f38   0x00000400   Zero   RW         1058    STACK               startup_stm32f40_41xxx.o


==============================================================================

Image component sizes


      Code (inc. data)   RO Data    RW Data    ZI Data      Debug   Object Name

      1904        368          0         14          0      12648   control.o
       338         16          0          4          0       3258   delay.o
       372         30          0          0          0       2983   exti.o
      2856        654          0          2          0      11506   hx711.o
      1762        118          0          0          0       9455   i2c.o
         6          0          0          0          0        982   jansson_config.o
       136          8          0         82        248     288474   main.o
      1330        152          0          0          0      10846   max30102.o
       180         24          0          0          0       2193   misc.o
       156         12          0          0          0       1286   motor.o
       240         18          0          0          0       2995   rgb.o
        36          8        392          0       4096        856   startup_stm32f40_41xxx.o
       184         16          0          0          0       2200   stm32f4xx_exti.o
       240          0          0          0          0       3687   stm32f4xx_gpio.o
        26          0          0          0          0     231850   stm32f4xx_it.o
       328         36          0         16          0       4791   stm32f4xx_rcc.o
        64          4          0          0          0        684   stm32f4xx_syscfg.o
       214         28          0          0          0       3838   stm32f4xx_tim.o
       456          8          0          0          0       6303   stm32f4xx_usart.o
       340         32          0          0          0       1557   system_stm32f4xx.o
       116          8          0          0          0       1254   timer.o
      1024         52          0          8        400       7297   usart.o

    ----------------------------------------------------------------------
     12330       1592        424        128       4744     610943   Object Totals
         0          0         32          0          0          0   (incl. Generated)
        22          0          0          2          0          0   (incl. Padding)

    ----------------------------------------------------------------------

      Code (inc. data)   RO Data    RW Data    ZI Data      Debug   Library Member Name

      1534        162         33          0          0      17721   dump.o
       154          4          0          0          0       6085   error.o
      1000         32          0          0          0      17697   hashtable.o
        40          6          0          4          0       1280   hashtable_seed.o
        86          8          0          8          0       6121   memory.o
      1604        414          0          0          0      12512   pack_unpack.o
       184          4          0          0          0       3386   strbuffer.o
       160         10          0          0          0        783   strconv.o
       322         10          0          0          0       3128   utf.o
       958         32          0         24          0      25330   value.o
        56         12          0          0          0        132   atof.o
        20          0          0          0          0        124   fabs.o
        64          0          0          0          0         84   _sgetc.o
        40          6         64          0          0         68   ctype_c.o
         0          0          0          0          0          0   entry.o
         0          0          0          0          0          0   entry10a.o
         0          0          0          0          0          0   entry11a.o
         8          4          0          0          0          0   entry2.o
         4          0          0          0          0          0   entry5.o
         0          0          0          0          0          0   entry7b.o
         0          0          0          0          0          0   entry8b.o
         8          4          0          0          0          0   entry9a.o
        24         12          0          4          0        136   errno.o
        30          0          0          0          0          0   handlers.o
        36          8          0          0          0         68   init.o
        10          0          0          0          0         68   isspace_c.o
         0          0          0          0          0          0   iusefp.o
        98          0          0          0          0         84   ldiv.o
        30          0          0          0          0         68   llshl.o
        36          0          0          0          0         68   llsshr.o
        32          0          0          0          0         68   llushr.o
       188         20          0          0          0        160   malloc.o
        64          0          0          0          0         76   memmovea.o
         0          0          0          8          0          0   mvars.o
      2422        104          0          0          0        836   printfa.o
       156          0          0          0          0         88   qsort.o
       838         12          0          0          0        216   scanf_fp.o
        20          0          0          0          0         68   strchr.o
        28          0          0          0          0         76   strcmp.o
        18          0          0          0          0         68   strcpy.o
        14          0          0          0          0         68   strlen.o
       156         12          0          0          0        120   strtod.o
        44          0          0          0          0         80   uidiv.o
        98          0          0          0          0         92   uldiv.o
        48          0          0          0          0         68   cdcmple.o
        48          0          0          0          0         68   cdrcmple.o
        56          0          0          0          0         88   d2f.o
       334          0          0          0          0        148   dadd.o
       222          0          0          0          0        100   ddiv.o
       186          0          0          0          0        176   depilogue.o
        62          0          0          0          0         80   dfixi.o
        50          0          0          0          0         76   dfixui.o
        48          0          0          0          0         68   dfixul.o
        40          0          0          0          0         80   dfltl.o
        26          0          0          0          0         76   dfltui.o
        24          0          0          0          0         76   dfltul.o
       228          0          0          0          0         96   dmul.o
        38          0          0          0          0         68   f2d.o
       110          0          0          0          0        168   fepilogue.o

    ----------------------------------------------------------------------
     12134        880        100         48          0      98395   Library Totals
        30          4          3          0          0          0   (incl. Padding)

    ----------------------------------------------------------------------

      Code (inc. data)   RO Data    RW Data    ZI Data      Debug   Library Name

      6042        682         33         36          0      94043   jansson_CM3LE.lib
        76         12          0          0          0        256   m_wm.l
      4466        182         64         12          0       2660   mc_w.l
      1520          0          0          0          0       1436   mf_w.l

    ----------------------------------------------------------------------
     12134        880        100         48          0      98395   Library Totals

    ----------------------------------------------------------------------

==============================================================================


      Code (inc. data)   RO Data    RW Data    ZI Data      Debug   

     24464       2472        524        176       4744     693290   Grand Totals
     24464       2472        524        176       4744     693290   ELF Image Totals
     24464       2472        524        176          0          0   ROM Totals

==============================================================================

    Total RO  Size (Code + RO Data)                24988 (  24.40kB)
    Total RW  Size (RW Data + ZI Data)              4920 (   4.80kB)
    Total ROM Size (Code + RO Data + RW Data)      25164 (  24.57kB)

==============================================================================

